<html>
<body>
<pre>
<h1>礦ision Build Log</h1>
<h2>Tool Versions:</h2>
IDE-Version: μVision V5.20.0.0
Copyright (C) 2016 ARM Ltd and ARM Germany GmbH. All rights reserved.
License Information: d tianhun, d, LIC=R4HKP-MLZQ1-15ITV-PK9D6-NS04Z-3ZYWA
 
Tool Versions:
Toolchain:       MDK-ARM Professional  Version: 5.20
Toolchain Path:  E:\2_profession\Keil_v5\ARM\ARMCC\Bin
C Compiler:      Armcc.exe V5.06 update 2 (build 183)
Assembler:       Armasm.exe V5.06 update 2 (build 183)
Linker/Locator:  ArmLink.exe V5.06 update 2 (build 183)
Library Manager: ArmAr.exe V5.06 update 2 (build 183)
Hex Converter:   FromElf.exe V5.06 update 2 (build 183)
CPU DLL:         SARMCM3.DLL V5.20
Dialog DLL:      DCM.DLL V1.13.7.0
Target DLL:      STLink\ST-LINKIII-KEIL_SWO.dll V2.0.18.0
Dialog DLL:      TCM.DLL V1.14.9.0
 
<h2>Project:</h2>
G:\1_Always\Artificial Skin\8x8通道采集——ZET6\USER\IIC.uvprojx
Project File Date:  04/11/2019

<h2>Output:</h2>
*** Using Compiler 'V5.06 update 2 (build 183)', folder: 'E:\2_profession\Keil_v5\ARM\ARMCC\Bin'
Build target 'Target 1'
compiling CD4051.c...
compiling main.c...
main.c(30): warning:  #550-D: variable "IIC_NUM" was set but never used
  	int IIC_NUM=0;
main.c(31): warning:  #177-D: variable "i" was declared but never referenced
  	u16 i=0,chips=0;
main.c(31): warning:  #177-D: variable "chips" was declared but never referenced
  	u16 i=0,chips=0;
main.c: 3 warnings, 0 errors
linking...
Program Size: Code=5368 RO-data=336 RW-data=144 ZI-data=1832  
FromELF: creating hex file...
"..\OBJ\IIC.axf" - 0 Error(s), 3 Warning(s).

<h2>Collection of Component include folders:</h2>
  G:\1_Always\Artificial Skin\8x8通道采集——ZET6\USER\RTE
  E:\2_profession\Keil_v5\ARM\PACK\Keil\STM32F1xx_DFP\2.3.0\Device\Include

<h2>Collection of Component Files used:</h2>
Build Time Elapsed:  00:00:02
</pre>
</body>
</html>
