<html>
<body>
<pre>
<h1>礦ision Build Log</h1>
<h2>Tool Versions:</h2>
IDE-Version: μVision V5.20.0.0
Copyright (C) 2016 ARM Ltd and ARM Germany GmbH. All rights reserved.
License Information: d tianhun, d, LIC=R4HKP-MLZQ1-15ITV-PK9D6-NS04Z-3ZYWA
 
Tool Versions:
Toolchain:       MDK-ARM Professional  Version: 5.20
Toolchain Path:  E:\2_profession\Keil_v5\ARM\ARMCC\Bin
C Compiler:      Armcc.exe V5.06 update 2 (build 183)
Assembler:       Armasm.exe V5.06 update 2 (build 183)
Linker/Locator:  ArmLink.exe V5.06 update 2 (build 183)
Library Manager: ArmAr.exe V5.06 update 2 (build 183)
Hex Converter:   FromElf.exe V5.06 update 2 (build 183)
CPU DLL:         SARMCM3.DLL V5.20
Dialog DLL:      DARMSTM.DLL V1.66.0.0
Target DLL:      STLink\ST-LINKIII-KEIL_SWO.dll V2.0.18.0
Dialog DLL:      TARMSTM.DLL V1.65.0.0
 
<h2>Project:</h2>
G:\1_Always\2_实验室学习\4_Artificial Skin\5_1前\8x8通道采集\USER\IIC.uvprojx
Project File Date:  04/28/2019

<h2>Output:</h2>
*** Using Compiler 'V5.06 update 2 (build 183)', folder: 'E:\2_profession\Keil_v5\ARM\ARMCC\Bin'
Build target 'Target 1'
compiling stm32f10x_it.c...
compiling led.c...
compiling system_stm32f10x.c...
compiling main.c...
compiling lcd.c...
compiling key.c...
compiling 24cxx.c...
compiling myiic.c...
compiling ad7746.c...
compiling exti.c...
compiling CD4051.c...
compiling rdy.c...
compiling delay.c...
compiling usart.c...
assembling startup_stm32f10x_hd.s...
compiling sys.c...
compiling core_cm3.c...
compiling stm32f10x_gpio.c...
compiling stm32f10x_usart.c...
compiling stm32f10x_rcc.c...
compiling misc.c...
compiling stm32f10x_exti.c...
linking...
Program Size: Code=11696 RO-data=336 RW-data=160 ZI-data=1832  
FromELF: creating hex file...
"..\OBJ\IIC.axf" - 0 Error(s), 0 Warning(s).

<h2>Collection of Component include folders:</h2>
  G:\1_Always\2_实验室学习\4_Artificial Skin\5_1前\8x8通道采集\USER\RTE
  E:\2_profession\Keil_v5\ARM\PACK\Keil\STM32F1xx_DFP\2.3.0\Device\Include

<h2>Collection of Component Files used:</h2>
Build Time Elapsed:  00:00:06
</pre>
</body>
</html>
