Component: ARM Compiler 5.06 update 2 (build 183) Tool: armlink [4d35b7]

==============================================================================

Section Cross References

    main.o(.text) refers to misc.o(.text) for NVIC_PriorityGroupConfig
    main.o(.text) refers to delay.o(.text) for delay_init
    main.o(.text) refers to usart.o(.text) for uart_init
    main.o(.text) refers to led.o(.text) for LED_Init
    main.o(.text) refers to exti.o(.text) for EXTIX_Init
    main.o(.text) refers to 24cxx.o(.text) for AT24CXX_Init
    main.o(.text) refers to ad7746.o(.text) for AD7746Init
    system_stm32f10x.o(.text) refers to system_stm32f10x.o(.data) for SystemCoreClock
    led.o(.text) refers to stm32f10x_rcc.o(.text) for RCC_APB2PeriphClockCmd
    led.o(.text) refers to stm32f10x_gpio.o(.text) for GPIO_Init
    lcd.o(.text) refers to _printf_percent.o(.ARM.Collect$$_printf_percent$$00000000) for _printf_percent
    lcd.o(.text) refers to _printf_x.o(.ARM.Collect$$_printf_percent$$0000000C) for _printf_x
    lcd.o(.text) refers to _printf_hex_int.o(.text) for _printf_longlong_hex
    lcd.o(.text) refers to delay.o(.text) for delay_us
    lcd.o(.text) refers to lcd.o(.bss) for lcddev
    lcd.o(.text) refers to dflt_clz.o(x$fpl$dfltu) for __aeabi_ui2d
    lcd.o(.text) refers to dmul.o(x$fpl$dmul) for __aeabi_dmul
    lcd.o(.text) refers to dfixu.o(x$fpl$dfixu) for __aeabi_d2uiz
    lcd.o(.text) refers to lcd.o(.data) for POINT_COLOR
    lcd.o(.text) refers to stm32f10x_rcc.o(.text) for RCC_APB2PeriphClockCmd
    lcd.o(.text) refers to stm32f10x_gpio.o(.text) for GPIO_PinRemapConfig
    lcd.o(.text) refers to noretval__2printf.o(.text) for __2printf
    lcd.o(.text) refers to lcd.o(.constdata) for asc2_1206
    key.o(.text) refers to stm32f10x_rcc.o(.text) for RCC_APB2PeriphClockCmd
    key.o(.text) refers to stm32f10x_gpio.o(.text) for GPIO_PinRemapConfig
    key.o(.text) refers to delay.o(.text) for delay_ms
    key.o(.text) refers to key.o(.data) for key_up
    myiic.o(.text) refers to stm32f10x_rcc.o(.text) for RCC_APB2PeriphClockCmd
    myiic.o(.text) refers to stm32f10x_gpio.o(.text) for GPIO_Init
    myiic.o(.text) refers to delay.o(.text) for delay_us
    myiic.o(.text) refers to ad7746.o(.data) for IIC_Flag
    24cxx.o(.text) refers to myiic.o(.text) for IIC_Init
    24cxx.o(.text) refers to delay.o(.text) for delay_ms
    ad7746.o(.text) refers to myiic.o(.text) for IIC_Start
    ad7746.o(.text) refers to stm32f10x_rcc.o(.text) for RCC_APB2PeriphClockCmd
    ad7746.o(.text) refers to stm32f10x_gpio.o(.text) for GPIO_Init
    ad7746.o(.text) refers to dflt_clz.o(x$fpl$dflt) for __aeabi_i2d
    ad7746.o(.text) refers to dmul.o(x$fpl$dmul) for __aeabi_dmul
    ad7746.o(.text) refers to d2f.o(x$fpl$d2f) for __aeabi_d2f
    ad7746.o(.text) refers to ad7746.o(.data) for IIC_Flag
    exti.o(.text) refers to _printf_percent.o(.ARM.Collect$$_printf_percent$$00000000) for _printf_percent
    exti.o(.text) refers to _printf_d.o(.ARM.Collect$$_printf_percent$$00000009) for _printf_d
    exti.o(.text) refers to _printf_f.o(.ARM.Collect$$_printf_percent$$00000003) for _printf_f
    exti.o(.text) refers to _printf_dec.o(.text) for _printf_int_dec
    exti.o(.text) refers to printf1.o(x$fpl$printf1) for _printf_fp_dec
    exti.o(.text) refers to stm32f10x_rcc.o(.text) for RCC_APB2PeriphClockCmd
    exti.o(.text) refers to stm32f10x_gpio.o(.text) for GPIO_EXTILineConfig
    exti.o(.text) refers to stm32f10x_exti.o(.text) for EXTI_Init
    exti.o(.text) refers to misc.o(.text) for NVIC_Init
    exti.o(.text) refers to delay.o(.text) for delay_ms
    exti.o(.text) refers to ad7746.o(.text) for CDC_RDREG
    exti.o(.text) refers to f2d.o(x$fpl$f2d) for __aeabi_f2d
    exti.o(.text) refers to noretval__2printf.o(.text) for __2printf
    exti.o(.text) refers to exti.o(.data) for status
    delay.o(.text) refers to misc.o(.text) for SysTick_CLKSourceConfig
    delay.o(.text) refers to system_stm32f10x.o(.data) for SystemCoreClock
    delay.o(.text) refers to delay.o(.data) for fac_us
    usart.o(.text) refers (Special) to use_no_semi_2.o(.text) for __use_no_semihosting
    usart.o(.text) refers to stm32f10x_rcc.o(.text) for RCC_APB2PeriphClockCmd
    usart.o(.text) refers to stm32f10x_gpio.o(.text) for GPIO_Init
    usart.o(.text) refers to misc.o(.text) for NVIC_Init
    usart.o(.text) refers to stm32f10x_usart.o(.text) for USART_Init
    usart.o(.text) refers to usart.o(.data) for USART_RX_STA
    usart.o(.text) refers to usart.o(.bss) for USART_RX_BUF
    usart.o(.bss) refers (Special) to use_no_semi_2.o(.text) for __use_no_semihosting
    usart.o(.data) refers (Special) to use_no_semi_2.o(.text) for __use_no_semihosting
    startup_stm32f10x_hd.o(STACK) refers (Special) to heapauxi.o(.text) for __use_two_region_memory
    startup_stm32f10x_hd.o(HEAP) refers (Special) to heapauxi.o(.text) for __use_two_region_memory
    startup_stm32f10x_hd.o(RESET) refers (Special) to heapauxi.o(.text) for __use_two_region_memory
[...]
    btod.o(CL$$btod_edivd) refers (Special) to usenofp.o(x$fpl$usenofp) for __I$use$fp
    btod.o(CL$$btod_edivd) refers to btod.o(CL$$btod_div_common) for __btod_div_common
    btod.o(CL$$btod_edivd) refers to btod.o(CL$$btod_e2d) for _e2d
    btod.o(CL$$btod_e2e) refers (Special) to usenofp.o(x$fpl$usenofp) for __I$use$fp
    btod.o(CL$$btod_e2d) refers (Special) to usenofp.o(x$fpl$usenofp) for __I$use$fp
    btod.o(CL$$btod_e2d) refers to btod.o(CL$$btod_e2e) for _e2e
    btod.o(CL$$btod_mult_common) refers (Special) to usenofp.o(x$fpl$usenofp) for __I$use$fp
    btod.o(CL$$btod_div_common) refers (Special) to usenofp.o(x$fpl$usenofp) for __I$use$fp
    lc_numeric_c.o(locale$$data) refers (Special) to libinit2.o(.ARM.Collect$$libinit$$00000016) for __rt_lib_init_lc_numeric_2
    lc_numeric_c.o(locale$$code) refers (Special) to libinit2.o(.ARM.Collect$$libinit$$00000016) for __rt_lib_init_lc_numeric_2
    lc_numeric_c.o(locale$$code) refers to strcmpv7m.o(.text) for strcmp
    lc_numeric_c.o(locale$$code) refers to lc_numeric_c.o(locale$$data) for __lcnum_c_name
    istatus.o(x$fpl$ieeestatus) refers (Special) to usenofp.o(x$fpl$usenofp) for __I$use$fp
    fpclassify.o(i.__ARM_fpclassify) refers (Special) to usenofp.o(x$fpl$usenofp) for __I$use$fp
    libspace.o(.text) refers to libspace.o(.bss) for __libspace_start
    sys_stackheap_outer.o(.text) refers to libspace.o(.text) for __user_perproc_libspace
    sys_stackheap_outer.o(.text) refers to startup_stm32f10x_hd.o(.text) for __user_initial_stackheap
    exit.o(.text) refers to rtexit.o(.ARM.Collect$$rtexit$$00000000) for __rt_exit
    libinit.o(.ARM.Collect$$libinit$$00000000) refers (Special) to libinit2.o(.ARM.Collect$$libinit$$0000002E) for __rt_lib_init_alloca_1
    libinit.o(.ARM.Collect$$libinit$$00000000) refers (Special) to libinit2.o(.ARM.Collect$$libinit$$0000002C) for __rt_lib_init_argv_1
    libinit.o(.ARM.Collect$$libinit$$00000000) refers (Special) to libinit2.o(.ARM.Collect$$libinit$$0000001B) for __rt_lib_init_atexit_1
    libinit.o(.ARM.Collect$$libinit$$00000000) refers (Special) to libinit2.o(.ARM.Collect$$libinit$$00000021) for __rt_lib_init_clock_1
    libinit.o(.ARM.Collect$$libinit$$00000000) refers (Special) to libinit2.o(.ARM.Collect$$libinit$$00000032) for __rt_lib_init_cpp_1
    libinit.o(.ARM.Collect$$libinit$$00000000) refers (Special) to libinit2.o(.ARM.Collect$$libinit$$00000030) for __rt_lib_init_exceptions_1
    libinit.o(.ARM.Collect$$libinit$$00000000) refers (Special) to libinit2.o(.ARM.Collect$$libinit$$00000002) for __rt_lib_init_fp_1
    libinit.o(.ARM.Collect$$libinit$$00000000) refers (Special) to libinit2.o(.ARM.Collect$$libinit$$0000001F) for __rt_lib_init_fp_trap_1
    libinit.o(.ARM.Collect$$libinit$$00000000) refers (Special) to libinit2.o(.ARM.Collect$$libinit$$00000023) for __rt_lib_init_getenv_1
    libinit.o(.ARM.Collect$$libinit$$00000000) refers (Special) to libinit2.o(.ARM.Collect$$libinit$$0000000A) for __rt_lib_init_heap_1
    libinit.o(.ARM.Collect$$libinit$$00000000) refers (Special) to libinit2.o(.ARM.Collect$$libinit$$00000011) for __rt_lib_init_lc_collate_1
    libinit.o(.ARM.Collect$$libinit$$00000000) refers (Special) to libinit2.o(.ARM.Collect$$libinit$$00000013) for __rt_lib_init_lc_ctype_1
    libinit.o(.ARM.Collect$$libinit$$00000000) refers (Special) to libinit2.o(.ARM.Collect$$libinit$$00000015) for __rt_lib_init_lc_monetary_1
    libinit.o(.ARM.Collect$$libinit$$00000000) refers (Special) to libinit2.o(.ARM.Collect$$libinit$$00000017) for __rt_lib_init_lc_numeric_1
    libinit.o(.ARM.Collect$$libinit$$00000000) refers (Special) to libinit2.o(.ARM.Collect$$libinit$$00000019) for __rt_lib_init_lc_time_1
    libinit.o(.ARM.Collect$$libinit$$00000000) refers (Special) to libinit2.o(.ARM.Collect$$libinit$$00000004) for __rt_lib_init_preinit_1
    libinit.o(.ARM.Collect$$libinit$$00000000) refers (Special) to libinit2.o(.ARM.Collect$$libinit$$0000000E) for __rt_lib_init_rand_1
    libinit.o(.ARM.Collect$$libinit$$00000000) refers (Special) to libinit2.o(.ARM.Collect$$libinit$$00000033) for __rt_lib_init_return
    libinit.o(.ARM.Collect$$libinit$$00000000) refers (Special) to libinit2.o(.ARM.Collect$$libinit$$0000001D) for __rt_lib_init_signal_1
    libinit.o(.ARM.Collect$$libinit$$00000000) refers (Special) to libinit2.o(.ARM.Collect$$libinit$$00000025) for __rt_lib_init_stdio_1
    libinit.o(.ARM.Collect$$libinit$$00000000) refers (Special) to libinit2.o(.ARM.Collect$$libinit$$0000000C) for __rt_lib_init_user_alloc_1
    libinit2.o(.ARM.Collect$$libinit$$0000000F) refers (Weak) to rt_locale_intlibspace.o(.text) for __rt_locale
    libinit2.o(.ARM.Collect$$libinit$$00000010) refers to libinit2.o(.ARM.Collect$$libinit$$0000000F) for .ARM.Collect$$libinit$$0000000F
    libinit2.o(.ARM.Collect$$libinit$$00000012) refers to libinit2.o(.ARM.Collect$$libinit$$0000000F) for .ARM.Collect$$libinit$$0000000F
    libinit2.o(.ARM.Collect$$libinit$$00000014) refers to libinit2.o(.ARM.Collect$$libinit$$0000000F) for .ARM.Collect$$libinit$$0000000F
    libinit2.o(.ARM.Collect$$libinit$$00000016) refers to libinit2.o(.ARM.Collect$$libinit$$0000000F) for .ARM.Collect$$libinit$$0000000F
    libinit2.o(.ARM.Collect$$libinit$$00000016) refers (Weak) to lc_numeric_c.o(locale$$code) for _get_lc_numeric
    libinit2.o(.ARM.Collect$$libinit$$00000018) refers to libinit2.o(.ARM.Collect$$libinit$$0000000F) for .ARM.Collect$$libinit$$0000000F
    libinit2.o(.ARM.Collect$$libinit$$00000026) refers to argv_veneer.o(.emb_text) for __ARM_argv_veneer
    libinit2.o(.ARM.Collect$$libinit$$00000027) refers to argv_veneer.o(.emb_text) for __ARM_argv_veneer
    rtexit.o(.ARM.Collect$$rtexit$$00000000) refers (Special) to rtexit2.o(.ARM.Collect$$rtexit$$00000004) for __rt_exit_exit
    rtexit.o(.ARM.Collect$$rtexit$$00000000) refers (Special) to rtexit2.o(.ARM.Collect$$rtexit$$00000003) for __rt_exit_ls
    rtexit.o(.ARM.Collect$$rtexit$$00000000) refers (Special) to rtexit2.o(.ARM.Collect$$rtexit$$00000002) for __rt_exit_prels_1
    rtexit.o(.ARM.exidx) refers (Special) to rtexit2.o(.ARM.Collect$$rtexit$$00000004) for __rt_exit_exit
    rtexit.o(.ARM.exidx) refers (Special) to rtexit2.o(.ARM.Collect$$rtexit$$00000003) for __rt_exit_ls
    rtexit.o(.ARM.exidx) refers (Special) to rtexit2.o(.ARM.Collect$$rtexit$$00000002) for __rt_exit_prels_1
    rtexit.o(.ARM.exidx) refers to rtexit.o(.ARM.Collect$$rtexit$$00000000) for .ARM.Collect$$rtexit$$00000000
    argv_veneer.o(.emb_text) refers to no_argv.o(.text) for __ARM_get_argv
    rtexit2.o(.ARM.Collect$$rtexit$$00000003) refers to libshutdown.o(.ARM.Collect$$libshutdown$$00000000) for __rt_lib_shutdown
    rtexit2.o(.ARM.Collect$$rtexit$$00000004) refers to usart.o(.text) for _sys_exit
    rtexit2.o(.ARM.exidx) refers to rtexit2.o(.ARM.Collect$$rtexit$$00000001) for .ARM.Collect$$rtexit$$00000001
    rtexit2.o(.ARM.exidx) refers to rtexit2.o(.ARM.Collect$$rtexit$$00000003) for .ARM.Collect$$rtexit$$00000003
    rtexit2.o(.ARM.exidx) refers to rtexit2.o(.ARM.Collect$$rtexit$$00000004) for .ARM.Collect$$rtexit$$00000004
    _get_argv_nomalloc.o(.text) refers (Special) to hrguard.o(.text) for __heap_region$guard
    _get_argv_nomalloc.o(.text) refers to defsig_rtmem_outer.o(.text) for __rt_SIGRTMEM
    _get_argv_nomalloc.o(.text) refers to sys_command.o(.text) for _sys_command_string
    sys_command.o(.text) refers (Special) to use_no_semi.o(.text) for __I$use$semihosting
    sys_command.o(.text) refers (Special) to indicate_semi.o(.text) for __semihosting_library_function
    defsig_rtmem_outer.o(.text) refers to defsig_rtmem_inner.o(.text) for __rt_SIGRTMEM_inner
    defsig_rtmem_outer.o(.text) refers to defsig_exit.o(.text) for __sig_exit
    defsig_rtmem_formal.o(.text) refers to rt_raise.o(.text) for __rt_raise
    libshutdown.o(.ARM.Collect$$libshutdown$$00000000) refers (Special) to libshutdown2.o(.ARM.Collect$$libshutdown$$00000002) for __rt_lib_shutdown_cpp_1
    libshutdown.o(.ARM.Collect$$libshutdown$$00000000) refers (Special) to libshutdown2.o(.ARM.Collect$$libshutdown$$00000007) for __rt_lib_shutdown_fp_trap_1
    libshutdown.o(.ARM.Collect$$libshutdown$$00000000) refers (Special) to libshutdown2.o(.ARM.Collect$$libshutdown$$0000000F) for __rt_lib_shutdown_heap_1
    libshutdown.o(.ARM.Collect$$libshutdown$$00000000) refers (Special) to libshutdown2.o(.ARM.Collect$$libshutdown$$00000010) for __rt_lib_shutdown_return
    libshutdown.o(.ARM.Collect$$libshutdown$$00000000) refers (Special) to libshutdown2.o(.ARM.Collect$$libshutdown$$0000000A) for __rt_lib_shutdown_signal_1
    libshutdown.o(.ARM.Collect$$libshutdown$$00000000) refers (Special) to libshutdown2.o(.ARM.Collect$$libshutdown$$00000004) for __rt_lib_shutdown_stdio_1
    libshutdown.o(.ARM.Collect$$libshutdown$$00000000) refers (Special) to libshutdown2.o(.ARM.Collect$$libshutdown$$0000000C) for __rt_lib_shutdown_user_alloc_1
    rt_raise.o(.text) refers to __raise.o(.text) for __raise
    rt_raise.o(.text) refers to usart.o(.text) for _sys_exit
    defsig_exit.o(.text) refers to usart.o(.text) for _sys_exit
    defsig_rtmem_inner.o(.text) refers to defsig_general.o(.text) for __default_signal_display
    __raise.o(.text) refers to defsig.o(CL$$defsig) for __default_signal_handler
    defsig_general.o(.text) refers to sys_wrch.o(.text) for _ttywrch
    sys_wrch.o(.text) refers (Special) to use_no_semi.o(.text) for __I$use$semihosting
    sys_wrch.o(.text) refers (Special) to indicate_semi.o(.text) for __semihosting_library_function
    defsig.o(CL$$defsig) refers to defsig_rtmem_inner.o(.text) for __rt_SIGRTMEM_inner
    defsig_abrt_inner.o(.text) refers to defsig_general.o(.text) for __default_signal_display
    defsig_fpe_inner.o(.text) refers to defsig_general.o(.text) for __default_signal_display
    defsig_rtred_inner.o(.text) refers to defsig_general.o(.text) for __default_signal_display
    defsig_stak_inner.o(.text) refers to defsig_general.o(.text) for __default_signal_display
    defsig_pvfn_inner.o(.text) refers to defsig_general.o(.text) for __default_signal_display
    defsig_cppl_inner.o(.text) refers to defsig_general.o(.text) for __default_signal_display
    defsig_segv_inner.o(.text) refers to defsig_general.o(.text) for __default_signal_display
    defsig_other.o(.text) refers to defsig_general.o(.text) for __default_signal_display


==============================================================================

Removing Unused input sections from the image.

    Removing lcd.o(.text), (22598 bytes).
    Removing lcd.o(.bss), (14 bytes).
    Removing lcd.o(.constdata), (6080 bytes).
    Removing lcd.o(.data), (4 bytes).
    Removing key.o(.text), (252 bytes).
    Removing key.o(.data), (1 bytes).
    Removing sys.o(.emb_text), (6 bytes).
    Removing sys.o(.text), (12 bytes).
    Removing core_cm3.o(.emb_text), (32 bytes).

9 unused section(s) (total 28999 bytes) removed from the image.

==============================================================================

Image Symbol Table

    Local Symbols

    Symbol Name                              Value     Ov Type        Size  Object(Section)

    ../clib/angel/boardlib.s                 0x00000000   Number         0  boardinit1.o ABSOLUTE
    ../clib/angel/boardlib.s                 0x00000000   Number         0  boardinit2.o ABSOLUTE
    ../clib/angel/boardlib.s                 0x00000000   Number         0  boardinit3.o ABSOLUTE
    ../clib/angel/boardlib.s                 0x00000000   Number         0  boardshut.o ABSOLUTE
    ../clib/angel/handlers.s                 0x00000000   Number         0  __scatter_zi.o ABSOLUTE
    ../clib/angel/handlers.s                 0x00000000   Number         0  __scatter_copy.o ABSOLUTE
    ../clib/angel/kernel.s                   0x00000000   Number         0  rtexit2.o ABSOLUTE
    ../clib/angel/kernel.s                   0x00000000   Number         0  __rtentry2.o ABSOLUTE
    ../clib/angel/kernel.s                   0x00000000   Number         0  __rtentry.o ABSOLUTE
    ../clib/angel/kernel.s                   0x00000000   Number         0  __rtentry4.o ABSOLUTE
    ../clib/angel/kernel.s                   0x00000000   Number         0  rtexit.o ABSOLUTE
    ../clib/angel/rt.s                       0x00000000   Number         0  rt_locale_intlibspace.o ABSOLUTE
    ../clib/angel/rt.s                       0x00000000   Number         0  rt_locale.o ABSOLUTE
    ../clib/angel/rt.s                       0x00000000   Number         0  rt_raise.o ABSOLUTE
    ../clib/angel/scatter.s                  0x00000000   Number         0  __scatter.o ABSOLUTE
    ../clib/angel/startup.s                  0x00000000   Number         0  __main.o ABSOLUTE
    ../clib/angel/sys.s                      0x00000000   Number         0  libspace.o ABSOLUTE
    ../clib/angel/sys.s                      0x00000000   Number         0  sys_stackheap_outer.o ABSOLUTE
    ../clib/angel/sys.s                      0x00000000   Number         0  use_no_semi_2.o ABSOLUTE
    ../clib/angel/sys.s                      0x00000000   Number         0  indicate_semi.o ABSOLUTE
    ../clib/angel/sys.s                      0x00000000   Number         0  use_no_semi.o ABSOLUTE
    ../clib/angel/sysapp.c                   0x00000000   Number         0  sys_command.o ABSOLUTE
    ../clib/angel/sysapp.c                   0x00000000   Number         0  sys_wrch.o ABSOLUTE
    ../clib/armsys.c                         0x00000000   Number         0  argv_veneer.o ABSOLUTE
    ../clib/armsys.c                         0x00000000   Number         0  no_argv.o ABSOLUTE
    ../clib/armsys.c                         0x00000000   Number         0  argv_veneer.o ABSOLUTE
    ../clib/armsys.c                         0x00000000   Number         0  _get_argv_nomalloc.o ABSOLUTE
    ../clib/bigflt.c                         0x00000000   Number         0  bigflt0.o ABSOLUTE
    ../clib/btod.s                           0x00000000   Number         0  btod.o ABSOLUTE
    ../clib/heapalloc.c                      0x00000000   Number         0  hrguard.o ABSOLUTE
    ../clib/heapaux.c                        0x00000000   Number         0  heapauxi.o ABSOLUTE
    ../clib/libinit.s                        0x00000000   Number         0  libshutdown.o ABSOLUTE
    ../clib/libinit.s                        0x00000000   Number         0  libinit.o ABSOLUTE
    ../clib/libinit.s                        0x00000000   Number         0  libinit2.o ABSOLUTE
    ../clib/libinit.s                        0x00000000   Number         0  libshutdown2.o ABSOLUTE
    ../clib/locale.s                         0x00000000   Number         0  lc_numeric_c.o ABSOLUTE
    ../clib/longlong.s                       0x00000000   Number         0  lludiv10.o ABSOLUTE
    ../clib/memcpset.s                       0x00000000   Number         0  strcmpv7m.o ABSOLUTE
    ../clib/misc.s                           0x00000000   Number         0  printf_stubs.o ABSOLUTE
    ../clib/printf.c                         0x00000000   Number         0  _printf_dec.o ABSOLUTE
    ../clib/printf.c                         0x00000000   Number         0  _printf_fp_infnan.o ABSOLUTE
    ../clib/printf.c                         0x00000000   Number         0  __printf.o ABSOLUTE
    ../clib/printf.c                         0x00000000   Number         0  _printf_char_common.o ABSOLUTE
    ../clib/printf.c                         0x00000000   Number         0  _printf_hex_int.o ABSOLUTE
    ../clib/printf.c                         0x00000000   Number         0  _printf_hex_ll.o ABSOLUTE
    ../clib/printf.c                         0x00000000   Number         0  _printf_hex_int_ptr.o ABSOLUTE
    ../clib/printf.c                         0x00000000   Number         0  __printf_flags_wp.o ABSOLUTE
    ../clib/printf.c                         0x00000000   Number         0  __printf_wp.o ABSOLUTE
    ../clib/printf.c                         0x00000000   Number         0  __printf_ss_wp.o ABSOLUTE
    ../clib/printf.c                         0x00000000   Number         0  __printf_flags_ss_wp.o ABSOLUTE
    ../clib/printf.c                         0x00000000   Number         0  noretval__2printf.o ABSOLUTE
    ../clib/printf.c                         0x00000000   Number         0  _printf_hex_int_ll.o ABSOLUTE
    ../clib/printf.c                         0x00000000   Number         0  _printf_hex_ptr.o ABSOLUTE
    ../clib/printf.c                         0x00000000   Number         0  _printf_hex_ll_ptr.o ABSOLUTE
    ../clib/printf.c                         0x00000000   Number         0  _printf_hex_int_ll_ptr.o ABSOLUTE
    ../clib/printf.c                         0x00000000   Number         0  __printf_flags.o ABSOLUTE
    ../clib/printf.c                         0x00000000   Number         0  __printf_ss.o ABSOLUTE
    ../clib/printf.c                         0x00000000   Number         0  __2printf.o ABSOLUTE
    ../clib/printf.c                         0x00000000   Number         0  __printf_flags_ss.o ABSOLUTE
    ../clib/printf.c                         0x00000000   Number         0  __printf_nopercent.o ABSOLUTE
    ../clib/printf.c                         0x00000000   Number         0  _printf_intcommon.o ABSOLUTE
    ../clib/printf.c                         0x00000000   Number         0  _printf_fp_dec.o ABSOLUTE
    ../clib/printf.c                         0x00000000   Number         0  _printf_char_file.o ABSOLUTE
    ../clib/printf_percent.s                 0x00000000   Number         0  _printf_d.o ABSOLUTE
    ../clib/printf_percent.s                 0x00000000   Number         0  _printf_x.o ABSOLUTE
    ../clib/printf_percent.s                 0x00000000   Number         0  _printf_percent.o ABSOLUTE
    ../clib/printf_percent.s                 0x00000000   Number         0  _printf_f.o ABSOLUTE
    ../clib/printf_percent.s                 0x00000000   Number         0  _printf_percent_end.o ABSOLUTE
    ../clib/signal.c                         0x00000000   Number         0  defsig_segv_inner.o ABSOLUTE
    ../clib/signal.c                         0x00000000   Number         0  defsig_cppl_inner.o ABSOLUTE
    ../clib/signal.c                         0x00000000   Number         0  defsig_pvfn_inner.o ABSOLUTE
    ../clib/signal.c                         0x00000000   Number         0  defsig_stak_inner.o ABSOLUTE
    ../clib/signal.c                         0x00000000   Number         0  defsig_rtred_inner.o ABSOLUTE
    ../clib/signal.c                         0x00000000   Number         0  defsig_fpe_inner.o ABSOLUTE
    ../clib/signal.c                         0x00000000   Number         0  defsig_abrt_inner.o ABSOLUTE
    ../clib/signal.c                         0x00000000   Number         0  defsig_exit.o ABSOLUTE
    ../clib/signal.c                         0x00000000   Number         0  __raise.o ABSOLUTE
    ../clib/signal.c                         0x00000000   Number         0  defsig_general.o ABSOLUTE
    ../clib/signal.c                         0x00000000   Number         0  defsig_rtmem_inner.o ABSOLUTE
    ../clib/signal.c                         0x00000000   Number         0  defsig_rtmem_formal.o ABSOLUTE
    ../clib/signal.c                         0x00000000   Number         0  defsig_rtmem_outer.o ABSOLUTE
    ../clib/signal.c                         0x00000000   Number         0  defsig_other.o ABSOLUTE
    ../clib/signal.s                         0x00000000   Number         0  defsig.o ABSOLUTE
    ../clib/stdio.c                          0x00000000   Number         0  ferror_locked.o ABSOLUTE
    ../clib/stdio.c                          0x00000000   Number         0  ferror.o ABSOLUTE
    ../clib/stdlib.c                         0x00000000   Number         0  exit.o ABSOLUTE
    ../fplib/d2f.s                           0x00000000   Number         0  d2f.o ABSOLUTE
    ../fplib/dfixu.s                         0x00000000   Number         0  dfixu.o ABSOLUTE
    ../fplib/dflt.s                          0x00000000   Number         0  dflt_clz.o ABSOLUTE
    ../fplib/dmul.s                          0x00000000   Number         0  dmul.o ABSOLUTE
    ../fplib/dnaninf.s                       0x00000000   Number         0  dnaninf.o ABSOLUTE
    ../fplib/dretinf.s                       0x00000000   Number         0  dretinf.o ABSOLUTE
    ../fplib/f2d.s                           0x00000000   Number         0  f2d.o ABSOLUTE
    ../fplib/fnaninf.s                       0x00000000   Number         0  fnaninf.o ABSOLUTE
    ../fplib/fpinit.s                        0x00000000   Number         0  fpinit.o ABSOLUTE
    ../fplib/fretinf.s                       0x00000000   Number         0  fretinf.o ABSOLUTE
    ../fplib/istatus.s                       0x00000000   Number         0  istatus.o ABSOLUTE
    ../fplib/printf1.s                       0x00000000   Number         0  printf1.o ABSOLUTE
    ../fplib/usenofp.s                       0x00000000   Number         0  usenofp.o ABSOLUTE
    ../mathlib/fpclassify.c                  0x00000000   Number         0  fpclassify.o ABSOLUTE
    ..\CORE\core_cm3.c                       0x00000000   Number         0  core_cm3.o ABSOLUTE
    ..\CORE\startup_stm32f10x_hd.s           0x00000000   Number         0  startup_stm32f10x_hd.o ABSOLUTE
    ..\HARDWARE\24CXX\24cxx.c                0x00000000   Number         0  24cxx.o ABSOLUTE
    ..\HARDWARE\AD7746\ad7746.c              0x00000000   Number         0  ad7746.o ABSOLUTE
    ..\HARDWARE\EXTI\exti.c                  0x00000000   Number         0  exti.o ABSOLUTE
    ..\HARDWARE\IIC\myiic.c                  0x00000000   Number         0  myiic.o ABSOLUTE
    ..\HARDWARE\KEY\key.c                    0x00000000   Number         0  key.o ABSOLUTE
    ..\HARDWARE\LCD\lcd.c                    0x00000000   Number         0  lcd.o ABSOLUTE
    ..\HARDWARE\LED\led.c                    0x00000000   Number         0  led.o ABSOLUTE
    ..\STM32F10x_FWLib\src\misc.c            0x00000000   Number         0  misc.o ABSOLUTE
    ..\STM32F10x_FWLib\src\stm32f10x_exti.c  0x00000000   Number         0  stm32f10x_exti.o ABSOLUTE
    ..\STM32F10x_FWLib\src\stm32f10x_gpio.c  0x00000000   Number         0  stm32f10x_gpio.o ABSOLUTE
    ..\STM32F10x_FWLib\src\stm32f10x_rcc.c   0x00000000   Number         0  stm32f10x_rcc.o ABSOLUTE
    ..\STM32F10x_FWLib\src\stm32f10x_usart.c 0x00000000   Number         0  stm32f10x_usart.o ABSOLUTE
    ..\SYSTEM\delay\delay.c                  0x00000000   Number         0  delay.o ABSOLUTE
    ..\SYSTEM\sys\sys.c                      0x00000000   Number         0  sys.o ABSOLUTE
    ..\SYSTEM\usart\usart.c                  0x00000000   Number         0  usart.o ABSOLUTE
    ..\\CORE\\core_cm3.c                     0x00000000   Number         0  core_cm3.o ABSOLUTE
    ..\\SYSTEM\\sys\\sys.c                   0x00000000   Number         0  sys.o ABSOLUTE
    dc.s                                     0x00000000   Number         0  dc.o ABSOLUTE
    main.c                                   0x00000000   Number         0  main.o ABSOLUTE
    stm32f10x_it.c                           0x00000000   Number         0  stm32f10x_it.o ABSOLUTE
    system_stm32f10x.c                       0x00000000   Number         0  system_stm32f10x.o ABSOLUTE
    RESET                                    0x08000000   Section      304  startup_stm32f10x_hd.o(RESET)
    !!!main                                  0x08000130   Section        8  __main.o(!!!main)
    !!!scatter                               0x08000138   Section       52  __scatter.o(!!!scatter)
    !!handler_copy                           0x0800016c   Section       26  __scatter_copy.o(!!handler_copy)
    !!handler_zi                             0x08000188   Section       28  __scatter_zi.o(!!handler_zi)
    .ARM.Collect$$_printf_percent$$00000000  0x080001a4   Section        0  _printf_percent.o(.ARM.Collect$$_printf_percent$$00000000)
    .ARM.Collect$$_printf_percent$$00000003  0x080001a4   Section        6  _printf_f.o(.ARM.Collect$$_printf_percent$$00000003)
    .ARM.Collect$$_printf_percent$$00000009  0x080001aa   Section        6  _printf_d.o(.ARM.Collect$$_printf_percent$$00000009)
    .ARM.Collect$$_printf_percent$$00000017  0x080001b0   Section        4  _printf_percent_end.o(.ARM.Collect$$_printf_percent$$00000017)
    .ARM.Collect$$libinit$$00000000          0x080001b4   Section        2  libinit.o(.ARM.Collect$$libinit$$00000000)
    .ARM.Collect$$libinit$$00000002          0x080001b6   Section        0  libinit2.o(.ARM.Collect$$libinit$$00000002)
    .ARM.Collect$$libinit$$00000004          0x080001b6   Section        0  libinit2.o(.ARM.Collect$$libinit$$00000004)
    .ARM.Collect$$libinit$$0000000A          0x080001b6   Section        0  libinit2.o(.ARM.Collect$$libinit$$0000000A)
    .ARM.Collect$$libinit$$0000000C          0x080001b6   Section        0  libinit2.o(.ARM.Collect$$libinit$$0000000C)
    .ARM.Collect$$libinit$$0000000E          0x080001b6   Section        0  libinit2.o(.ARM.Collect$$libinit$$0000000E)
    .ARM.Collect$$libinit$$0000000F          0x080001b6   Section        6  libinit2.o(.ARM.Collect$$libinit$$0000000F)
    .ARM.Collect$$libinit$$00000011          0x080001bc   Section        0  libinit2.o(.ARM.Collect$$libinit$$00000011)
    .ARM.Collect$$libinit$$00000013          0x080001bc   Section        0  libinit2.o(.ARM.Collect$$libinit$$00000013)
    .ARM.Collect$$libinit$$00000015          0x080001bc   Section        0  libinit2.o(.ARM.Collect$$libinit$$00000015)
    .ARM.Collect$$libinit$$00000016          0x080001bc   Section       10  libinit2.o(.ARM.Collect$$libinit$$00000016)
    .ARM.Collect$$libinit$$00000017          0x080001c6   Section        0  libinit2.o(.ARM.Collect$$libinit$$00000017)
    .ARM.Collect$$libinit$$00000019          0x080001c6   Section        0  libinit2.o(.ARM.Collect$$libinit$$00000019)
    .ARM.Collect$$libinit$$0000001B          0x080001c6   Section        0  libinit2.o(.ARM.Collect$$libinit$$0000001B)
    .ARM.Collect$$libinit$$0000001D          0x080001c6   Section        0  libinit2.o(.ARM.Collect$$libinit$$0000001D)
    .ARM.Collect$$libinit$$0000001F          0x080001c6   Section        0  libinit2.o(.ARM.Collect$$libinit$$0000001F)
    .ARM.Collect$$libinit$$00000021          0x080001c6   Section        0  libinit2.o(.ARM.Collect$$libinit$$00000021)
    .ARM.Collect$$libinit$$00000023          0x080001c6   Section        0  libinit2.o(.ARM.Collect$$libinit$$00000023)
    .ARM.Collect$$libinit$$00000025          0x080001c6   Section        0  libinit2.o(.ARM.Collect$$libinit$$00000025)
    .ARM.Collect$$libinit$$0000002C          0x080001c6   Section        0  libinit2.o(.ARM.Collect$$libinit$$0000002C)
    .ARM.Collect$$libinit$$0000002E          0x080001c6   Section        0  libinit2.o(.ARM.Collect$$libinit$$0000002E)
    .ARM.Collect$$libinit$$00000030          0x080001c6   Section        0  libinit2.o(.ARM.Collect$$libinit$$00000030)
    .ARM.Collect$$libinit$$00000032          0x080001c6   Section        0  libinit2.o(.ARM.Collect$$libinit$$00000032)
    .ARM.Collect$$libinit$$00000033          0x080001c6   Section        2  libinit2.o(.ARM.Collect$$libinit$$00000033)
    .ARM.Collect$$libshutdown$$00000000      0x080001c8   Section        2  libshutdown.o(.ARM.Collect$$libshutdown$$00000000)
    .ARM.Collect$$libshutdown$$00000002      0x080001ca   Section        0  libshutdown2.o(.ARM.Collect$$libshutdown$$00000002)
    .ARM.Collect$$libshutdown$$00000004      0x080001ca   Section        0  libshutdown2.o(.ARM.Collect$$libshutdown$$00000004)
    .ARM.Collect$$libshutdown$$00000007      0x080001ca   Section        0  libshutdown2.o(.ARM.Collect$$libshutdown$$00000007)
    .ARM.Collect$$libshutdown$$0000000A      0x080001ca   Section        0  libshutdown2.o(.ARM.Collect$$libshutdown$$0000000A)
    .ARM.Collect$$libshutdown$$0000000C      0x080001ca   Section        0  libshutdown2.o(.ARM.Collect$$libshutdown$$0000000C)
    .ARM.Collect$$libshutdown$$0000000F      0x080001ca   Section        0  libshutdown2.o(.ARM.Collect$$libshutdown$$0000000F)
    .ARM.Collect$$libshutdown$$00000010      0x080001ca   Section        2  libshutdown2.o(.ARM.Collect$$libshutdown$$00000010)
    .ARM.Collect$$rtentry$$00000000          0x080001cc   Section        0  __rtentry.o(.ARM.Collect$$rtentry$$00000000)
    .ARM.Collect$$rtentry$$00000002          0x080001cc   Section        0  __rtentry2.o(.ARM.Collect$$rtentry$$00000002)
    .ARM.Collect$$rtentry$$00000004          0x080001cc   Section        6  __rtentry4.o(.ARM.Collect$$rtentry$$00000004)
    .ARM.Collect$$rtentry$$00000009          0x080001d2   Section        0  __rtentry2.o(.ARM.Collect$$rtentry$$00000009)
    .ARM.Collect$$rtentry$$0000000A          0x080001d2   Section        4  __rtentry2.o(.ARM.Collect$$rtentry$$0000000A)
    .ARM.Collect$$rtentry$$0000000C          0x080001d6   Section        0  __rtentry2.o(.ARM.Collect$$rtentry$$0000000C)
    .ARM.Collect$$rtentry$$0000000D          0x080001d6   Section        8  __rtentry2.o(.ARM.Collect$$rtentry$$0000000D)
    .ARM.Collect$$rtexit$$00000000           0x080001de   Section        2  rtexit.o(.ARM.Collect$$rtexit$$00000000)
    .ARM.Collect$$rtexit$$00000002           0x080001e0   Section        0  rtexit2.o(.ARM.Collect$$rtexit$$00000002)
    .ARM.Collect$$rtexit$$00000003           0x080001e0   Section        4  rtexit2.o(.ARM.Collect$$rtexit$$00000003)
    .ARM.Collect$$rtexit$$00000004           0x080001e4   Section        6  rtexit2.o(.ARM.Collect$$rtexit$$00000004)
    .text                                    0x080001ea   Section        0  main.o(.text)
    .text                                    0x08000244   Section        0  stm32f10x_it.o(.text)
    .text                                    0x08000260   Section        0  system_stm32f10x.o(.text)
    SetSysClockTo72                          0x08000261   Thumb Code   214  system_stm32f10x.o(.text)
    SetSysClock                              0x08000337   Thumb Code     8  system_stm32f10x.o(.text)
    .text                                    0x08000440   Section        0  led.o(.text)
    .text                                    0x08000520   Section        0  myiic.o(.text)
    .text                                    0x080007f8   Section        0  24cxx.o(.text)
    .text                                    0x08000974   Section        0  ad7746.o(.text)
    .text                                    0x08000c98   Section        0  exti.o(.text)
    .text                                    0x08000dbc   Section        0  delay.o(.text)
    .text                                    0x08000e90   Section        0  usart.o(.text)
    .text                                    0x08000fd0   Section       64  startup_stm32f10x_hd.o(.text)
    .text                                    0x08001010   Section        0  stm32f10x_gpio.o(.text)
    .text                                    0x0800136c   Section        0  stm32f10x_rcc.o(.text)
    .text                                    0x08001710   Section        0  stm32f10x_usart.o(.text)
    .text                                    0x08001b18   Section        0  misc.o(.text)
    .text                                    0x08001bf4   Section        0  stm32f10x_exti.o(.text)
    .text                                    0x08001d10   Section        2  use_no_semi_2.o(.text)
    .text                                    0x08001d14   Section        0  noretval__2printf.o(.text)
    .text                                    0x08001d2c   Section        0  _printf_dec.o(.text)
    .text                                    0x08001da4   Section        0  __printf_ss.o(.text)
    .text                                    0x08001e5c   Section        0  heapauxi.o(.text)
    .text                                    0x08001e62   Section        2  use_no_semi.o(.text)
    .text                                    0x08001e64   Section        0  _printf_intcommon.o(.text)
    .text                                    0x08001f16   Section        0  _printf_fp_dec.o(.text)
    _fp_digits                               0x08001f19   Thumb Code   428  _printf_fp_dec.o(.text)
    .text                                    0x08002330   Section        0  _printf_char_file.o(.text)
    .text                                    0x08002354   Section        8  rt_locale_intlibspace.o(.text)
    .text                                    0x0800235c   Section      138  lludiv10.o(.text)
    .text                                    0x080023e8   Section        0  _printf_char_common.o(.text)
    _printf_input_char                       0x080023e9   Thumb Code    10  _printf_char_common.o(.text)
    .text                                    0x08002418   Section        0  _printf_fp_infnan.o(.text)
    .text                                    0x08002498   Section        0  bigflt0.o(.text)
    .text                                    0x08002574   Section        0  ferror.o(.text)
    .text                                    0x0800257c   Section        8  libspace.o(.text)
    .text                                    0x08002584   Section       74  sys_stackheap_outer.o(.text)
    .text                                    0x080025ce   Section        0  exit.o(.text)
    .text                                    0x080025e0   Section      128  strcmpv7m.o(.text)
    CL$$btod_d2e                             0x08002660   Section       62  btod.o(CL$$btod_d2e)
    CL$$btod_d2e_denorm_low                  0x0800269e   Section       70  btod.o(CL$$btod_d2e_denorm_low)
    CL$$btod_d2e_norm_op1                    0x080026e4   Section       96  btod.o(CL$$btod_d2e_norm_op1)
    CL$$btod_div_common                      0x08002744   Section      824  btod.o(CL$$btod_div_common)
    CL$$btod_e2e                             0x08002a7c   Section      198  btod.o(CL$$btod_e2e)
    CL$$btod_ediv                            0x08002b42   Section       40  btod.o(CL$$btod_ediv)
    CL$$btod_emul                            0x08002b6a   Section       40  btod.o(CL$$btod_emul)
    CL$$btod_mult_common                     0x08002b92   Section      580  btod.o(CL$$btod_mult_common)
    i.__ARM_fpclassify                       0x08002dd6   Section        0  fpclassify.o(i.__ARM_fpclassify)
    locale$$code                             0x08002e00   Section       44  lc_numeric_c.o(locale$$code)
    x$fpl$d2f                                0x08002e2c   Section       98  d2f.o(x$fpl$d2f)
    x$fpl$dflt                               0x08002e8e   Section       46  dflt_clz.o(x$fpl$dflt)
    x$fpl$dmul                               0x08002ebc   Section      340  dmul.o(x$fpl$dmul)
    x$fpl$dnaninf                            0x08003010   Section      156  dnaninf.o(x$fpl$dnaninf)
    x$fpl$dretinf                            0x080030ac   Section       12  dretinf.o(x$fpl$dretinf)
    x$fpl$f2d                                0x080030b8   Section       86  f2d.o(x$fpl$f2d)
    x$fpl$fnaninf                            0x0800310e   Section      140  fnaninf.o(x$fpl$fnaninf)
    x$fpl$fretinf                            0x0800319a   Section       10  fretinf.o(x$fpl$fretinf)
    x$fpl$printf1                            0x080031a4   Section        4  printf1.o(x$fpl$printf1)
    .constdata                               0x080031a8   Section      148  bigflt0.o(.constdata)
    x$fpl$usenofp                            0x080031a8   Section        0  usenofp.o(x$fpl$usenofp)
    tenpwrs_x                                0x080031a8   Data          60  bigflt0.o(.constdata)
    tenpwrs_i                                0x080031e4   Data          64  bigflt0.o(.constdata)
    locale$$data                             0x0800325c   Section       28  lc_numeric_c.o(locale$$data)
    __lcnum_c_name                           0x08003260   Data           2  lc_numeric_c.o(locale$$data)
    __lcnum_c_start                          0x08003268   Data           0  lc_numeric_c.o(locale$$data)
    __lcnum_c_point                          0x08003274   Data           0  lc_numeric_c.o(locale$$data)
    __lcnum_c_thousands                      0x08003276   Data           0  lc_numeric_c.o(locale$$data)
    __lcnum_c_grouping                       0x08003277   Data           0  lc_numeric_c.o(locale$$data)
    __lcnum_c_end                            0x08003278   Data           0  lc_numeric_c.o(locale$$data)
    .data                                    0x20000000   Section       20  system_stm32f10x.o(.data)
    .data                                    0x20000014   Section       16  ad7746.o(.data)
    .data                                    0x20000024   Section        5  exti.o(.data)
    .data                                    0x2000002a   Section        4  delay.o(.data)
    fac_us                                   0x2000002a   Data           1  delay.o(.data)
    fac_ms                                   0x2000002c   Data           2  delay.o(.data)
    .data                                    0x20000030   Section        6  usart.o(.data)
    .data                                    0x20000036   Section       20  stm32f10x_rcc.o(.data)
    APBAHBPrescTable                         0x20000036   Data          16  stm32f10x_rcc.o(.data)
    ADCPrescTable                            0x20000046   Data           4  stm32f10x_rcc.o(.data)
    .bss                                     0x2000004c   Section      200  usart.o(.bss)
    .bss                                     0x20000114   Section       96  libspace.o(.bss)
    HEAP                                     0x20000178   Section      512  startup_stm32f10x_hd.o(HEAP)
    Heap_Mem                                 0x20000178   Data         512  startup_stm32f10x_hd.o(HEAP)
    STACK                                    0x20000378   Section     1024  startup_stm32f10x_hd.o(STACK)
    Stack_Mem                                0x20000378   Data        1024  startup_stm32f10x_hd.o(STACK)
    __initial_sp                             0x20000778   Data           0  startup_stm32f10x_hd.o(STACK)

    Global Symbols

    Symbol Name                              Value     Ov Type        Size  Object(Section)

    BuildAttributes$$THM_ISAv4$P$D$K$B$S$PE$A:L22UL41UL21$X:L11$S22US41US21$IEEE1$IW$USESV6$~STKCKD$USESV7$~SHL$OTIME$ROPI$IEEEJ$EBA8$UX$STANDARDLIB$REQ8$PRES8$EABIv2 0x00000000   Number         0  anon$$obj.o ABSOLUTE
    __ARM_use_no_argv                        0x00000000   Number         0  main.o ABSOLUTE
    _printf_flags                            0x00000000   Number         0  printf_stubs.o ABSOLUTE
    _printf_return_value                     0x00000000   Number         0  printf_stubs.o ABSOLUTE
    _printf_sizespec                         0x00000000   Number         0  printf_stubs.o ABSOLUTE
    _printf_widthprec                        0x00000000   Number         0  printf_stubs.o ABSOLUTE
    __ARM_exceptions_init                     - Undefined Weak Reference
    __alloca_initialize                       - Undefined Weak Reference
    __arm_preinit_                            - Undefined Weak Reference
    __cpp_initialize__aeabi_                  - Undefined Weak Reference
    __cxa_finalize                            - Undefined Weak Reference
    __sigvec_lookup                           - Undefined Weak Reference
    _atexit_init                              - Undefined Weak Reference
    _call_atexit_fns                          - Undefined Weak Reference
    _clock_init                               - Undefined Weak Reference
    _fp_trap_init                             - Undefined Weak Reference
    _fp_trap_shutdown                         - Undefined Weak Reference
    _get_lc_collate                           - Undefined Weak Reference
    _get_lc_ctype                             - Undefined Weak Reference
    _get_lc_monetary                          - Undefined Weak Reference
    _get_lc_time                              - Undefined Weak Reference
    _getenv_init                              - Undefined Weak Reference
    _handle_redirection                       - Undefined Weak Reference
    _init_alloc                               - Undefined Weak Reference
    _init_user_alloc                          - Undefined Weak Reference
    _initio                                   - Undefined Weak Reference
    _mutex_acquire                            - Undefined Weak Reference
    _mutex_release                            - Undefined Weak Reference
    _printf_post_padding                      - Undefined Weak Reference
    _printf_pre_padding                       - Undefined Weak Reference
    _printf_truncate_signed                   - Undefined Weak Reference
    _printf_truncate_unsigned                 - Undefined Weak Reference
    _rand_init                                - Undefined Weak Reference
    _signal_finish                            - Undefined Weak Reference
    _signal_init                              - Undefined Weak Reference
    _terminate_alloc                          - Undefined Weak Reference
    _terminate_user_alloc                     - Undefined Weak Reference
    _terminateio                              - Undefined Weak Reference
    __Vectors_Size                           0x00000130   Number         0  startup_stm32f10x_hd.o ABSOLUTE
    __Vectors                                0x08000000   Data           4  startup_stm32f10x_hd.o(RESET)
    __Vectors_End                            0x08000130   Data           0  startup_stm32f10x_hd.o(RESET)
    __main                                   0x08000131   Thumb Code     8  __main.o(!!!main)
    __scatterload                            0x08000139   Thumb Code     0  __scatter.o(!!!scatter)
    __scatterload_rt2                        0x08000139   Thumb Code    44  __scatter.o(!!!scatter)
    __scatterload_rt2_thumb_only             0x08000139   Thumb Code     0  __scatter.o(!!!scatter)
    __scatterload_null                       0x08000147   Thumb Code     0  __scatter.o(!!!scatter)
    __scatterload_copy                       0x0800016d   Thumb Code    26  __scatter_copy.o(!!handler_copy)
    __scatterload_zeroinit                   0x08000189   Thumb Code    28  __scatter_zi.o(!!handler_zi)
    _printf_f                                0x080001a5   Thumb Code     0  _printf_f.o(.ARM.Collect$$_printf_percent$$00000003)
    _printf_percent                          0x080001a5   Thumb Code     0  _printf_percent.o(.ARM.Collect$$_printf_percent$$00000000)
    _printf_d                                0x080001ab   Thumb Code     0  _printf_d.o(.ARM.Collect$$_printf_percent$$00000009)
    _printf_percent_end                      0x080001b1   Thumb Code     0  _printf_percent_end.o(.ARM.Collect$$_printf_percent$$00000017)
    __rt_lib_init                            0x080001b5   Thumb Code     0  libinit.o(.ARM.Collect$$libinit$$00000000)
    __rt_lib_init_fp_1                       0x080001b7   Thumb Code     0  libinit2.o(.ARM.Collect$$libinit$$00000002)
    __rt_lib_init_heap_1                     0x080001b7   Thumb Code     0  libinit2.o(.ARM.Collect$$libinit$$0000000A)
    __rt_lib_init_lc_common                  0x080001b7   Thumb Code     0  libinit2.o(.ARM.Collect$$libinit$$0000000F)
    __rt_lib_init_preinit_1                  0x080001b7   Thumb Code     0  libinit2.o(.ARM.Collect$$libinit$$00000004)
    __rt_lib_init_rand_1                     0x080001b7   Thumb Code     0  libinit2.o(.ARM.Collect$$libinit$$0000000E)
    __rt_lib_init_user_alloc_1               0x080001b7   Thumb Code     0  libinit2.o(.ARM.Collect$$libinit$$0000000C)
    __rt_lib_init_lc_collate_1               0x080001bd   Thumb Code     0  libinit2.o(.ARM.Collect$$libinit$$00000011)
    __rt_lib_init_lc_ctype_1                 0x080001bd   Thumb Code     0  libinit2.o(.ARM.Collect$$libinit$$00000013)
    __rt_lib_init_lc_monetary_1              0x080001bd   Thumb Code     0  libinit2.o(.ARM.Collect$$libinit$$00000015)
    __rt_lib_init_lc_numeric_2               0x080001bd   Thumb Code     0  libinit2.o(.ARM.Collect$$libinit$$00000016)
    __rt_lib_init_alloca_1                   0x080001c7   Thumb Code     0  libinit2.o(.ARM.Collect$$libinit$$0000002E)
    __rt_lib_init_argv_1                     0x080001c7   Thumb Code     0  libinit2.o(.ARM.Collect$$libinit$$0000002C)
    __rt_lib_init_atexit_1                   0x080001c7   Thumb Code     0  libinit2.o(.ARM.Collect$$libinit$$0000001B)
    __rt_lib_init_clock_1                    0x080001c7   Thumb Code     0  libinit2.o(.ARM.Collect$$libinit$$00000021)
    __rt_lib_init_cpp_1                      0x080001c7   Thumb Code     0  libinit2.o(.ARM.Collect$$libinit$$00000032)
    __rt_lib_init_exceptions_1               0x080001c7   Thumb Code     0  libinit2.o(.ARM.Collect$$libinit$$00000030)
    __rt_lib_init_fp_trap_1                  0x080001c7   Thumb Code     0  libinit2.o(.ARM.Collect$$libinit$$0000001F)
    __rt_lib_init_getenv_1                   0x080001c7   Thumb Code     0  libinit2.o(.ARM.Collect$$libinit$$00000023)
    __rt_lib_init_lc_numeric_1               0x080001c7   Thumb Code     0  libinit2.o(.ARM.Collect$$libinit$$00000017)
    __rt_lib_init_lc_time_1                  0x080001c7   Thumb Code     0  libinit2.o(.ARM.Collect$$libinit$$00000019)
    __rt_lib_init_return                     0x080001c7   Thumb Code     0  libinit2.o(.ARM.Collect$$libinit$$00000033)
    __rt_lib_init_signal_1                   0x080001c7   Thumb Code     0  libinit2.o(.ARM.Collect$$libinit$$0000001D)
    __rt_lib_init_stdio_1                    0x080001c7   Thumb Code     0  libinit2.o(.ARM.Collect$$libinit$$00000025)
    __rt_lib_shutdown                        0x080001c9   Thumb Code     0  libshutdown.o(.ARM.Collect$$libshutdown$$00000000)
    __rt_lib_shutdown_cpp_1                  0x080001cb   Thumb Code     0  libshutdown2.o(.ARM.Collect$$libshutdown$$00000002)
    __rt_lib_shutdown_fp_trap_1              0x080001cb   Thumb Code     0  libshutdown2.o(.ARM.Collect$$libshutdown$$00000007)
    __rt_lib_shutdown_heap_1                 0x080001cb   Thumb Code     0  libshutdown2.o(.ARM.Collect$$libshutdown$$0000000F)
    __rt_lib_shutdown_return                 0x080001cb   Thumb Code     0  libshutdown2.o(.ARM.Collect$$libshutdown$$00000010)
    __rt_lib_shutdown_signal_1               0x080001cb   Thumb Code     0  libshutdown2.o(.ARM.Collect$$libshutdown$$0000000A)
    __rt_lib_shutdown_stdio_1                0x080001cb   Thumb Code     0  libshutdown2.o(.ARM.Collect$$libshutdown$$00000004)
    __rt_lib_shutdown_user_alloc_1           0x080001cb   Thumb Code     0  libshutdown2.o(.ARM.Collect$$libshutdown$$0000000C)
    __rt_entry                               0x080001cd   Thumb Code     0  __rtentry.o(.ARM.Collect$$rtentry$$00000000)
    __rt_entry_presh_1                       0x080001cd   Thumb Code     0  __rtentry2.o(.ARM.Collect$$rtentry$$00000002)
    __rt_entry_sh                            0x080001cd   Thumb Code     0  __rtentry4.o(.ARM.Collect$$rtentry$$00000004)
    __rt_entry_li                            0x080001d3   Thumb Code     0  __rtentry2.o(.ARM.Collect$$rtentry$$0000000A)
    __rt_entry_postsh_1                      0x080001d3   Thumb Code     0  __rtentry2.o(.ARM.Collect$$rtentry$$00000009)
    __rt_entry_main                          0x080001d7   Thumb Code     0  __rtentry2.o(.ARM.Collect$$rtentry$$0000000D)
    __rt_entry_postli_1                      0x080001d7   Thumb Code     0  __rtentry2.o(.ARM.Collect$$rtentry$$0000000C)
    __rt_exit                                0x080001df   Thumb Code     0  rtexit.o(.ARM.Collect$$rtexit$$00000000)
    __rt_exit_ls                             0x080001e1   Thumb Code     0  rtexit2.o(.ARM.Collect$$rtexit$$00000003)
    __rt_exit_prels_1                        0x080001e1   Thumb Code     0  rtexit2.o(.ARM.Collect$$rtexit$$00000002)
    __rt_exit_exit                           0x080001e5   Thumb Code     0  rtexit2.o(.ARM.Collect$$rtexit$$00000004)
    main                                     0x080001eb   Thumb Code    90  main.o(.text)
    NMI_Handler                              0x08000245   Thumb Code     2  stm32f10x_it.o(.text)
    HardFault_Handler                        0x08000247   Thumb Code     4  stm32f10x_it.o(.text)
    MemManage_Handler                        0x0800024b   Thumb Code     4  stm32f10x_it.o(.text)
    BusFault_Handler                         0x0800024f   Thumb Code     4  stm32f10x_it.o(.text)
    UsageFault_Handler                       0x08000253   Thumb Code     4  stm32f10x_it.o(.text)
    SVC_Handler                              0x08000257   Thumb Code     2  stm32f10x_it.o(.text)
    DebugMon_Handler                         0x08000259   Thumb Code     2  stm32f10x_it.o(.text)
    PendSV_Handler                           0x0800025b   Thumb Code     2  stm32f10x_it.o(.text)
    SysTick_Handler                          0x0800025d   Thumb Code     2  stm32f10x_it.o(.text)
    SystemInit                               0x0800033f   Thumb Code    78  system_stm32f10x.o(.text)
    SystemCoreClockUpdate                    0x0800038d   Thumb Code   142  system_stm32f10x.o(.text)
    LED_Init                                 0x08000441   Thumb Code   206  led.o(.text)
    IIC_Init                                 0x08000521   Thumb Code    52  myiic.o(.text)
    IIC_Start                                0x08000555   Thumb Code    74  myiic.o(.text)
    IIC_Stop                                 0x0800059f   Thumb Code    62  myiic.o(.text)
    IIC_Wait_Ack                             0x080005dd   Thumb Code    86  myiic.o(.text)
    IIC_Ack                                  0x08000633   Thumb Code    66  myiic.o(.text)
    IIC_NAck                                 0x08000675   Thumb Code    66  myiic.o(.text)
    IIC_Send_Byte                            0x080006b7   Thumb Code   156  myiic.o(.text)
    IIC_Read_Byte                            0x08000753   Thumb Code   150  myiic.o(.text)
    AT24CXX_Init                             0x080007f9   Thumb Code     8  24cxx.o(.text)
    AT24CXX_ReadOneByte                      0x08000801   Thumb Code    88  24cxx.o(.text)
    AT24CXX_WriteOneByte                     0x08000859   Thumb Code    80  24cxx.o(.text)
    AT24CXX_WriteLenByte                     0x080008a9   Thumb Code    42  24cxx.o(.text)
    AT24CXX_ReadLenByte                      0x080008d3   Thumb Code    44  24cxx.o(.text)
    AT24CXX_Check                            0x080008ff   Thumb Code    46  24cxx.o(.text)
    AT24CXX_Read                             0x0800092d   Thumb Code    34  24cxx.o(.text)
    AT24CXX_Write                            0x0800094f   Thumb Code    36  24cxx.o(.text)
    CDC_Reset                                0x08000975   Thumb Code    60  ad7746.o(.text)
    CDC_WRREG                                0x080009b1   Thumb Code    76  ad7746.o(.text)
    CDC_RDREG                                0x080009fd   Thumb Code    98  ad7746.o(.text)
    CDC_RDCAP                                0x08000a5f   Thumb Code   136  ad7746.o(.text)
    AD7746Init                               0x08000ae7   Thumb Code    58  ad7746.o(.text)
    Read_7746data                            0x08000b21   Thumb Code    72  ad7746.o(.text)
    CD4051_Switch                            0x08000b69   Thumb Code   258  ad7746.o(.text)
    EXTIX_Init                               0x08000c99   Thumb Code    76  exti.o(.text)
    EXTI1_IRQHandler                         0x08000ce5   Thumb Code   178  exti.o(.text)
    delay_init                               0x08000dbd   Thumb Code    50  delay.o(.text)
    delay_us                                 0x08000def   Thumb Code    72  delay.o(.text)
    delay_ms                                 0x08000e37   Thumb Code    72  delay.o(.text)
    _sys_exit                                0x08000e91   Thumb Code     6  usart.o(.text)
    fputc                                    0x08000e97   Thumb Code    24  usart.o(.text)
    uart_init                                0x08000eaf   Thumb Code   152  usart.o(.text)
    USART1_IRQHandler                        0x08000f47   Thumb Code   122  usart.o(.text)
    Reset_Handler                            0x08000fd1   Thumb Code     8  startup_stm32f10x_hd.o(.text)
    ADC1_2_IRQHandler                        0x08000feb   Thumb Code     0  startup_stm32f10x_hd.o(.text)
    ADC3_IRQHandler                          0x08000feb   Thumb Code     0  startup_stm32f10x_hd.o(.text)
    CAN1_RX1_IRQHandler                      0x08000feb   Thumb Code     0  startup_stm32f10x_hd.o(.text)
    CAN1_SCE_IRQHandler                      0x08000feb   Thumb Code     0  startup_stm32f10x_hd.o(.text)
    DMA1_Channel1_IRQHandler                 0x08000feb   Thumb Code     0  startup_stm32f10x_hd.o(.text)
    DMA1_Channel2_IRQHandler                 0x08000feb   Thumb Code     0  startup_stm32f10x_hd.o(.text)
    DMA1_Channel3_IRQHandler                 0x08000feb   Thumb Code     0  startup_stm32f10x_hd.o(.text)
    DMA1_Channel4_IRQHandler                 0x08000feb   Thumb Code     0  startup_stm32f10x_hd.o(.text)
    DMA1_Channel5_IRQHandler                 0x08000feb   Thumb Code     0  startup_stm32f10x_hd.o(.text)
    DMA1_Channel6_IRQHandler                 0x08000feb   Thumb Code     0  startup_stm32f10x_hd.o(.text)
    DMA1_Channel7_IRQHandler                 0x08000feb   Thumb Code     0  startup_stm32f10x_hd.o(.text)
    DMA2_Channel1_IRQHandler                 0x08000feb   Thumb Code     0  startup_stm32f10x_hd.o(.text)
    DMA2_Channel2_IRQHandler                 0x08000feb   Thumb Code     0  startup_stm32f10x_hd.o(.text)
    DMA2_Channel3_IRQHandler                 0x08000feb   Thumb Code     0  startup_stm32f10x_hd.o(.text)
    DMA2_Channel4_5_IRQHandler               0x08000feb   Thumb Code     0  startup_stm32f10x_hd.o(.text)
    EXTI0_IRQHandler                         0x08000feb   Thumb Code     0  startup_stm32f10x_hd.o(.text)
    EXTI15_10_IRQHandler                     0x08000feb   Thumb Code     0  startup_stm32f10x_hd.o(.text)
    EXTI2_IRQHandler                         0x08000feb   Thumb Code     0  startup_stm32f10x_hd.o(.text)
    EXTI3_IRQHandler                         0x08000feb   Thumb Code     0  startup_stm32f10x_hd.o(.text)
    EXTI4_IRQHandler                         0x08000feb   Thumb Code     0  startup_stm32f10x_hd.o(.text)
    EXTI9_5_IRQHandler                       0x08000feb   Thumb Code     0  startup_stm32f10x_hd.o(.text)
    FLASH_IRQHandler                         0x08000feb   Thumb Code     0  startup_stm32f10x_hd.o(.text)
    FSMC_IRQHandler                          0x08000feb   Thumb Code     0  startup_stm32f10x_hd.o(.text)
    I2C1_ER_IRQHandler                       0x08000feb   Thumb Code     0  startup_stm32f10x_hd.o(.text)
    I2C1_EV_IRQHandler                       0x08000feb   Thumb Code     0  startup_stm32f10x_hd.o(.text)
    I2C2_ER_IRQHandler                       0x08000feb   Thumb Code     0  startup_stm32f10x_hd.o(.text)
    I2C2_EV_IRQHandler                       0x08000feb   Thumb Code     0  startup_stm32f10x_hd.o(.text)
    PVD_IRQHandler                           0x08000feb   Thumb Code     0  startup_stm32f10x_hd.o(.text)
    RCC_IRQHandler                           0x08000feb   Thumb Code     0  startup_stm32f10x_hd.o(.text)
    RTCAlarm_IRQHandler                      0x08000feb   Thumb Code     0  startup_stm32f10x_hd.o(.text)
    RTC_IRQHandler                           0x08000feb   Thumb Code     0  startup_stm32f10x_hd.o(.text)
    SDIO_IRQHandler                          0x08000feb   Thumb Code     0  startup_stm32f10x_hd.o(.text)
    SPI1_IRQHandler                          0x08000feb   Thumb Code     0  startup_stm32f10x_hd.o(.text)
    SPI2_IRQHandler                          0x08000feb   Thumb Code     0  startup_stm32f10x_hd.o(.text)
    SPI3_IRQHandler                          0x08000feb   Thumb Code     0  startup_stm32f10x_hd.o(.text)
    TAMPER_IRQHandler                        0x08000feb   Thumb Code     0  startup_stm32f10x_hd.o(.text)
    TIM1_BRK_IRQHandler                      0x08000feb   Thumb Code     0  startup_stm32f10x_hd.o(.text)
    TIM1_CC_IRQHandler                       0x08000feb   Thumb Code     0  startup_stm32f10x_hd.o(.text)
    TIM1_TRG_COM_IRQHandler                  0x08000feb   Thumb Code     0  startup_stm32f10x_hd.o(.text)
    TIM1_UP_IRQHandler                       0x08000feb   Thumb Code     0  startup_stm32f10x_hd.o(.text)
    TIM2_IRQHandler                          0x08000feb   Thumb Code     0  startup_stm32f10x_hd.o(.text)
    TIM3_IRQHandler                          0x08000feb   Thumb Code     0  startup_stm32f10x_hd.o(.text)
    TIM4_IRQHandler                          0x08000feb   Thumb Code     0  startup_stm32f10x_hd.o(.text)
    TIM5_IRQHandler                          0x08000feb   Thumb Code     0  startup_stm32f10x_hd.o(.text)
    TIM6_IRQHandler                          0x08000feb   Thumb Code     0  startup_stm32f10x_hd.o(.text)
    TIM7_IRQHandler                          0x08000feb   Thumb Code     0  startup_stm32f10x_hd.o(.text)
    TIM8_BRK_IRQHandler                      0x08000feb   Thumb Code     0  startup_stm32f10x_hd.o(.text)
    TIM8_CC_IRQHandler                       0x08000feb   Thumb Code     0  startup_stm32f10x_hd.o(.text)
    TIM8_TRG_COM_IRQHandler                  0x08000feb   Thumb Code     0  startup_stm32f10x_hd.o(.text)
    TIM8_UP_IRQHandler                       0x08000feb   Thumb Code     0  startup_stm32f10x_hd.o(.text)
    UART4_IRQHandler                         0x08000feb   Thumb Code     0  startup_stm32f10x_hd.o(.text)
    UART5_IRQHandler                         0x08000feb   Thumb Code     0  startup_stm32f10x_hd.o(.text)
    USART2_IRQHandler                        0x08000feb   Thumb Code     0  startup_stm32f10x_hd.o(.text)
    USART3_IRQHandler                        0x08000feb   Thumb Code     0  startup_stm32f10x_hd.o(.text)
    USBWakeUp_IRQHandler                     0x08000feb   Thumb Code     0  startup_stm32f10x_hd.o(.text)
    USB_HP_CAN1_TX_IRQHandler                0x08000feb   Thumb Code     0  startup_stm32f10x_hd.o(.text)
    USB_LP_CAN1_RX0_IRQHandler               0x08000feb   Thumb Code     0  startup_stm32f10x_hd.o(.text)
    WWDG_IRQHandler                          0x08000feb   Thumb Code     0  startup_stm32f10x_hd.o(.text)
    __user_initial_stackheap                 0x08000fed   Thumb Code     0  startup_stm32f10x_hd.o(.text)
    GPIO_DeInit                              0x08001011   Thumb Code   172  stm32f10x_gpio.o(.text)
    GPIO_AFIODeInit                          0x080010bd   Thumb Code    20  stm32f10x_gpio.o(.text)
    GPIO_Init                                0x080010d1   Thumb Code   278  stm32f10x_gpio.o(.text)
    GPIO_StructInit                          0x080011e7   Thumb Code    16  stm32f10x_gpio.o(.text)
    GPIO_ReadInputDataBit                    0x080011f7   Thumb Code    18  stm32f10x_gpio.o(.text)
    GPIO_ReadInputData                       0x08001209   Thumb Code     8  stm32f10x_gpio.o(.text)
    GPIO_ReadOutputDataBit                   0x08001211   Thumb Code    18  stm32f10x_gpio.o(.text)
    GPIO_ReadOutputData                      0x08001223   Thumb Code     8  stm32f10x_gpio.o(.text)
    GPIO_SetBits                             0x0800122b   Thumb Code     4  stm32f10x_gpio.o(.text)
    GPIO_ResetBits                           0x0800122f   Thumb Code     4  stm32f10x_gpio.o(.text)
    GPIO_WriteBit                            0x08001233   Thumb Code    10  stm32f10x_gpio.o(.text)
    GPIO_Write                               0x0800123d   Thumb Code     4  stm32f10x_gpio.o(.text)
    GPIO_PinLockConfig                       0x08001241   Thumb Code    18  stm32f10x_gpio.o(.text)
    GPIO_EventOutputConfig                   0x08001253   Thumb Code    26  stm32f10x_gpio.o(.text)
    GPIO_EventOutputCmd                      0x0800126d   Thumb Code     6  stm32f10x_gpio.o(.text)
    GPIO_PinRemapConfig                      0x08001273   Thumb Code   138  stm32f10x_gpio.o(.text)
    GPIO_EXTILineConfig                      0x080012fd   Thumb Code    66  stm32f10x_gpio.o(.text)
    GPIO_ETH_MediaInterfaceConfig            0x0800133f   Thumb Code     8  stm32f10x_gpio.o(.text)
    RCC_DeInit                               0x0800136d   Thumb Code    64  stm32f10x_rcc.o(.text)
    RCC_HSEConfig                            0x080013ad   Thumb Code    70  stm32f10x_rcc.o(.text)
    RCC_GetFlagStatus                        0x080013f3   Thumb Code    56  stm32f10x_rcc.o(.text)
    RCC_WaitForHSEStartUp                    0x0800142b   Thumb Code    56  stm32f10x_rcc.o(.text)
    RCC_AdjustHSICalibrationValue            0x08001463   Thumb Code    20  stm32f10x_rcc.o(.text)
    RCC_HSICmd                               0x08001477   Thumb Code     6  stm32f10x_rcc.o(.text)
    RCC_PLLConfig                            0x0800147d   Thumb Code    24  stm32f10x_rcc.o(.text)
    RCC_PLLCmd                               0x08001495   Thumb Code     6  stm32f10x_rcc.o(.text)
    RCC_SYSCLKConfig                         0x0800149b   Thumb Code    18  stm32f10x_rcc.o(.text)
    RCC_GetSYSCLKSource                      0x080014ad   Thumb Code    10  stm32f10x_rcc.o(.text)
    RCC_HCLKConfig                           0x080014b7   Thumb Code    18  stm32f10x_rcc.o(.text)
    RCC_PCLK1Config                          0x080014c9   Thumb Code    18  stm32f10x_rcc.o(.text)
    RCC_PCLK2Config                          0x080014db   Thumb Code    20  stm32f10x_rcc.o(.text)
    RCC_ITConfig                             0x080014ef   Thumb Code    26  stm32f10x_rcc.o(.text)
    RCC_USBCLKConfig                         0x08001509   Thumb Code     8  stm32f10x_rcc.o(.text)
    RCC_ADCCLKConfig                         0x08001511   Thumb Code    18  stm32f10x_rcc.o(.text)
    RCC_LSEConfig                            0x08001523   Thumb Code    50  stm32f10x_rcc.o(.text)
    RCC_LSICmd                               0x08001555   Thumb Code     6  stm32f10x_rcc.o(.text)
    RCC_RTCCLKConfig                         0x0800155b   Thumb Code    12  stm32f10x_rcc.o(.text)
    RCC_RTCCLKCmd                            0x08001567   Thumb Code     8  stm32f10x_rcc.o(.text)
    RCC_GetClocksFreq                        0x0800156f   Thumb Code   192  stm32f10x_rcc.o(.text)
    RCC_AHBPeriphClockCmd                    0x0800162f   Thumb Code    26  stm32f10x_rcc.o(.text)
    RCC_APB2PeriphClockCmd                   0x08001649   Thumb Code    26  stm32f10x_rcc.o(.text)
    RCC_APB1PeriphClockCmd                   0x08001663   Thumb Code    26  stm32f10x_rcc.o(.text)
    RCC_APB2PeriphResetCmd                   0x0800167d   Thumb Code    26  stm32f10x_rcc.o(.text)
    RCC_APB1PeriphResetCmd                   0x08001697   Thumb Code    26  stm32f10x_rcc.o(.text)
    RCC_BackupResetCmd                       0x080016b1   Thumb Code     8  stm32f10x_rcc.o(.text)
    RCC_ClockSecuritySystemCmd               0x080016b9   Thumb Code     6  stm32f10x_rcc.o(.text)
    RCC_MCOConfig                            0x080016bf   Thumb Code     6  stm32f10x_rcc.o(.text)
    RCC_ClearFlag                            0x080016c5   Thumb Code    14  stm32f10x_rcc.o(.text)
    RCC_GetITStatus                          0x080016d3   Thumb Code    20  stm32f10x_rcc.o(.text)
    RCC_ClearITPendingBit                    0x080016e7   Thumb Code     6  stm32f10x_rcc.o(.text)
    USART_DeInit                             0x08001711   Thumb Code   134  stm32f10x_usart.o(.text)
    USART_Init                               0x08001797   Thumb Code   210  stm32f10x_usart.o(.text)
    USART_StructInit                         0x08001869   Thumb Code    24  stm32f10x_usart.o(.text)
    USART_ClockInit                          0x08001881   Thumb Code    34  stm32f10x_usart.o(.text)
    USART_ClockStructInit                    0x080018a3   Thumb Code    12  stm32f10x_usart.o(.text)
    USART_Cmd                                0x080018af   Thumb Code    24  stm32f10x_usart.o(.text)
    USART_ITConfig                           0x080018c7   Thumb Code    74  stm32f10x_usart.o(.text)
    USART_DMACmd                             0x08001911   Thumb Code    18  stm32f10x_usart.o(.text)
    USART_SetAddress                         0x08001923   Thumb Code    18  stm32f10x_usart.o(.text)
    USART_WakeUpConfig                       0x08001935   Thumb Code    18  stm32f10x_usart.o(.text)
    USART_ReceiverWakeUpCmd                  0x08001947   Thumb Code    24  stm32f10x_usart.o(.text)
    USART_LINBreakDetectLengthConfig         0x0800195f   Thumb Code    18  stm32f10x_usart.o(.text)
    USART_LINCmd                             0x08001971   Thumb Code    24  stm32f10x_usart.o(.text)
    USART_SendData                           0x08001989   Thumb Code     8  stm32f10x_usart.o(.text)
    USART_ReceiveData                        0x08001991   Thumb Code    10  stm32f10x_usart.o(.text)
    USART_SendBreak                          0x0800199b   Thumb Code    10  stm32f10x_usart.o(.text)
    USART_SetGuardTime                       0x080019a5   Thumb Code    16  stm32f10x_usart.o(.text)
    USART_SetPrescaler                       0x080019b5   Thumb Code    16  stm32f10x_usart.o(.text)
    USART_SmartCardCmd                       0x080019c5   Thumb Code    24  stm32f10x_usart.o(.text)
    USART_SmartCardNACKCmd                   0x080019dd   Thumb Code    24  stm32f10x_usart.o(.text)
    USART_HalfDuplexCmd                      0x080019f5   Thumb Code    24  stm32f10x_usart.o(.text)
    USART_OverSampling8Cmd                   0x08001a0d   Thumb Code    22  stm32f10x_usart.o(.text)
    USART_OneBitMethodCmd                    0x08001a23   Thumb Code    24  stm32f10x_usart.o(.text)
    USART_IrDAConfig                         0x08001a3b   Thumb Code    18  stm32f10x_usart.o(.text)
    USART_IrDACmd                            0x08001a4d   Thumb Code    24  stm32f10x_usart.o(.text)
    USART_GetFlagStatus                      0x08001a65   Thumb Code    26  stm32f10x_usart.o(.text)
    USART_ClearFlag                          0x08001a7f   Thumb Code    18  stm32f10x_usart.o(.text)
    USART_GetITStatus                        0x08001a91   Thumb Code    84  stm32f10x_usart.o(.text)
    USART_ClearITPendingBit                  0x08001ae5   Thumb Code    52  stm32f10x_usart.o(.text)
    NVIC_PriorityGroupConfig                 0x08001b19   Thumb Code    10  misc.o(.text)
    NVIC_Init                                0x08001b23   Thumb Code   100  misc.o(.text)
    NVIC_SetVectorTable                      0x08001b87   Thumb Code    14  misc.o(.text)
    NVIC_SystemLPConfig                      0x08001b95   Thumb Code    34  misc.o(.text)
    SysTick_CLKSourceConfig                  0x08001bb7   Thumb Code    40  misc.o(.text)
    EXTI_DeInit                              0x08001bf5   Thumb Code    28  stm32f10x_exti.o(.text)
    EXTI_Init                                0x08001c11   Thumb Code   142  stm32f10x_exti.o(.text)
    EXTI_StructInit                          0x08001c9f   Thumb Code    16  stm32f10x_exti.o(.text)
    EXTI_GenerateSWInterrupt                 0x08001caf   Thumb Code    16  stm32f10x_exti.o(.text)
    EXTI_GetFlagStatus                       0x08001cbf   Thumb Code    22  stm32f10x_exti.o(.text)
    EXTI_ClearFlag                           0x08001cd5   Thumb Code     8  stm32f10x_exti.o(.text)
    EXTI_GetITStatus                         0x08001cdd   Thumb Code    34  stm32f10x_exti.o(.text)
    EXTI_ClearITPendingBit                   0x08001cff   Thumb Code     8  stm32f10x_exti.o(.text)
    __use_no_semihosting                     0x08001d11   Thumb Code     2  use_no_semi_2.o(.text)
    __2printf                                0x08001d15   Thumb Code    20  noretval__2printf.o(.text)
    _printf_int_dec                          0x08001d2d   Thumb Code   104  _printf_dec.o(.text)
    __printf                                 0x08001da5   Thumb Code   184  __printf_ss.o(.text)
    __use_two_region_memory                  0x08001e5d   Thumb Code     2  heapauxi.o(.text)
    __rt_heap_escrow$2region                 0x08001e5f   Thumb Code     2  heapauxi.o(.text)
    __rt_heap_expand$2region                 0x08001e61   Thumb Code     2  heapauxi.o(.text)
    __I$use$semihosting                      0x08001e63   Thumb Code     0  use_no_semi.o(.text)
    __use_no_semihosting_swi                 0x08001e63   Thumb Code     2  use_no_semi.o(.text)
    _printf_int_common                       0x08001e65   Thumb Code   178  _printf_intcommon.o(.text)
    __lib_sel_fp_printf                      0x08001f17   Thumb Code     2  _printf_fp_dec.o(.text)
    _printf_fp_dec_real                      0x080020c5   Thumb Code   620  _printf_fp_dec.o(.text)
    _printf_char_file                        0x08002331   Thumb Code    32  _printf_char_file.o(.text)
    __rt_locale                              0x08002355   Thumb Code     8  rt_locale_intlibspace.o(.text)
    _ll_udiv10                               0x0800235d   Thumb Code   138  lludiv10.o(.text)
    _printf_char_common                      0x080023f3   Thumb Code    32  _printf_char_common.o(.text)
    _printf_fp_infnan                        0x08002419   Thumb Code   112  _printf_fp_infnan.o(.text)
    _btod_etento                             0x08002499   Thumb Code   216  bigflt0.o(.text)
    ferror                                   0x08002575   Thumb Code     8  ferror.o(.text)
    __user_libspace                          0x0800257d   Thumb Code     8  libspace.o(.text)
    __user_perproc_libspace                  0x0800257d   Thumb Code     0  libspace.o(.text)
    __user_perthread_libspace                0x0800257d   Thumb Code     0  libspace.o(.text)
    __user_setup_stackheap                   0x08002585   Thumb Code    74  sys_stackheap_outer.o(.text)
    exit                                     0x080025cf   Thumb Code    18  exit.o(.text)
    strcmp                                   0x080025e1   Thumb Code   128  strcmpv7m.o(.text)
    _btod_d2e                                0x08002661   Thumb Code    62  btod.o(CL$$btod_d2e)
    _d2e_denorm_low                          0x0800269f   Thumb Code    70  btod.o(CL$$btod_d2e_denorm_low)
    _d2e_norm_op1                            0x080026e5   Thumb Code    96  btod.o(CL$$btod_d2e_norm_op1)
    __btod_div_common                        0x08002745   Thumb Code   696  btod.o(CL$$btod_div_common)
    _e2e                                     0x08002a7d   Thumb Code   198  btod.o(CL$$btod_e2e)
    _btod_ediv                               0x08002b43   Thumb Code    40  btod.o(CL$$btod_ediv)
    _btod_emul                               0x08002b6b   Thumb Code    40  btod.o(CL$$btod_emul)
    __btod_mult_common                       0x08002b93   Thumb Code   580  btod.o(CL$$btod_mult_common)
    __ARM_fpclassify                         0x08002dd7   Thumb Code    40  fpclassify.o(i.__ARM_fpclassify)
    _get_lc_numeric                          0x08002e01   Thumb Code    44  lc_numeric_c.o(locale$$code)
    __aeabi_d2f                              0x08002e2d   Thumb Code     0  d2f.o(x$fpl$d2f)
    _d2f                                     0x08002e2d   Thumb Code    98  d2f.o(x$fpl$d2f)
    __aeabi_i2d                              0x08002e8f   Thumb Code     0  dflt_clz.o(x$fpl$dflt)
    _dflt                                    0x08002e8f   Thumb Code    46  dflt_clz.o(x$fpl$dflt)
    __aeabi_dmul                             0x08002ebd   Thumb Code     0  dmul.o(x$fpl$dmul)
    _dmul                                    0x08002ebd   Thumb Code   332  dmul.o(x$fpl$dmul)
    __fpl_dnaninf                            0x08003011   Thumb Code   156  dnaninf.o(x$fpl$dnaninf)
    __fpl_dretinf                            0x080030ad   Thumb Code    12  dretinf.o(x$fpl$dretinf)
    __aeabi_f2d                              0x080030b9   Thumb Code     0  f2d.o(x$fpl$f2d)
    _f2d                                     0x080030b9   Thumb Code    86  f2d.o(x$fpl$f2d)
    __fpl_fnaninf                            0x0800310f   Thumb Code   140  fnaninf.o(x$fpl$fnaninf)
    __fpl_fretinf                            0x0800319b   Thumb Code    10  fretinf.o(x$fpl$fretinf)
    _printf_fp_dec                           0x080031a5   Thumb Code     4  printf1.o(x$fpl$printf1)
    __I$use$fp                               0x080031a8   Number         0  usenofp.o(x$fpl$usenofp)
    Region$$Table$$Base                      0x0800323c   Number         0  anon$$obj.o(Region$$Table)
    Region$$Table$$Limit                     0x0800325c   Number         0  anon$$obj.o(Region$$Table)
    SystemCoreClock                          0x20000000   Data           4  system_stm32f10x.o(.data)
    AHBPrescTable                            0x20000004   Data          16  system_stm32f10x.o(.data)
    CapResult_H                              0x20000014   Data           1  ad7746.o(.data)
    CapResult_M                              0x20000015   Data           1  ad7746.o(.data)
    CapResult_L                              0x20000016   Data           1  ad7746.o(.data)
    IIC_Flag                                 0x20000017   Data           1  ad7746.o(.data)
    SUMPID                                   0x20000018   Data           4  ad7746.o(.data)
    Cgod                                     0x2000001c   Data           4  ad7746.o(.data)
    cappos                                   0x20000020   Data           4  ad7746.o(.data)
    status                                   0x20000024   Data           1  exti.o(.data)
    channeli                                 0x20000025   Data           1  exti.o(.data)
    channelj                                 0x20000026   Data           1  exti.o(.data)
    WIDTH                                    0x20000027   Data           1  exti.o(.data)
    Cap_index                                0x20000028   Data           1  exti.o(.data)
    __stdout                                 0x20000030   Data           4  usart.o(.data)
    USART_RX_STA                             0x20000034   Data           2  usart.o(.data)
    USART_RX_BUF                             0x2000004c   Data         200  usart.o(.bss)
    __libspace_start                         0x20000114   Data          96  libspace.o(.bss)
    __temporary_stack_top$libspace           0x20000174   Data           0  libspace.o(.bss)



==============================================================================

Memory Map of the image

  Image Entry point : 0x08000131

  Load Region LR_IROM1 (Base: 0x08000000, Size: 0x000032c4, Max: 0x00040000, ABSOLUTE)

    Execution Region ER_IROM1 (Base: 0x08000000, Size: 0x00003278, Max: 0x00040000, ABSOLUTE)

    Base Addr    Size         Type   Attr      Idx    E Section Name        Object

    0x08000000   0x00000130   Data   RO           28    RESET               startup_stm32f10x_hd.o
    0x08000130   0x00000008   Code   RO           75  * !!!main             c_w.l(__main.o)
    0x08000138   0x00000034   Code   RO          244    !!!scatter          c_w.l(__scatter.o)
    0x0800016c   0x0000001a   Code   RO          245    !!handler_copy      c_w.l(__scatter_copy.o)
    0x08000186   0x00000002   PAD
    0x08000188   0x0000001c   Code   RO          246    !!handler_zi        c_w.l(__scatter_zi.o)
    0x080001a4   0x00000000   Code   RO           73    .ARM.Collect$$_printf_percent$$00000000  c_w.l(_printf_percent.o)
    0x080001a4   0x00000006   Code   RO           72    .ARM.Collect$$_printf_percent$$00000003  c_w.l(_printf_f.o)
    0x080001aa   0x00000006   Code   RO           71    .ARM.Collect$$_printf_percent$$00000009  c_w.l(_printf_d.o)
    0x080001b0   0x00000004   Code   RO           90    .ARM.Collect$$_printf_percent$$00000017  c_w.l(_printf_percent_end.o)
    0x080001b4   0x00000002   Code   RO          145    .ARM.Collect$$libinit$$00000000  c_w.l(libinit.o)
    0x080001b6   0x00000000   Code   RO          147    .ARM.Collect$$libinit$$00000002  c_w.l(libinit2.o)
    0x080001b6   0x00000000   Code   RO          149    .ARM.Collect$$libinit$$00000004  c_w.l(libinit2.o)
    0x080001b6   0x00000000   Code   RO          152    .ARM.Collect$$libinit$$0000000A  c_w.l(libinit2.o)
    0x080001b6   0x00000000   Code   RO          154    .ARM.Collect$$libinit$$0000000C  c_w.l(libinit2.o)
    0x080001b6   0x00000000   Code   RO          156    .ARM.Collect$$libinit$$0000000E  c_w.l(libinit2.o)
    0x080001b6   0x00000006   Code   RO          157    .ARM.Collect$$libinit$$0000000F  c_w.l(libinit2.o)
    0x080001bc   0x00000000   Code   RO          159    .ARM.Collect$$libinit$$00000011  c_w.l(libinit2.o)
    0x080001bc   0x00000000   Code   RO          161    .ARM.Collect$$libinit$$00000013  c_w.l(libinit2.o)
    0x080001bc   0x00000000   Code   RO          163    .ARM.Collect$$libinit$$00000015  c_w.l(libinit2.o)
    0x080001bc   0x0000000a   Code   RO          164    .ARM.Collect$$libinit$$00000016  c_w.l(libinit2.o)
    0x080001c6   0x00000000   Code   RO          165    .ARM.Collect$$libinit$$00000017  c_w.l(libinit2.o)
    0x080001c6   0x00000000   Code   RO          167    .ARM.Collect$$libinit$$00000019  c_w.l(libinit2.o)
    0x080001c6   0x00000000   Code   RO          169    .ARM.Collect$$libinit$$0000001B  c_w.l(libinit2.o)
    0x080001c6   0x00000000   Code   RO          171    .ARM.Collect$$libinit$$0000001D  c_w.l(libinit2.o)
    0x080001c6   0x00000000   Code   RO          173    .ARM.Collect$$libinit$$0000001F  c_w.l(libinit2.o)
    0x080001c6   0x00000000   Code   RO          175    .ARM.Collect$$libinit$$00000021  c_w.l(libinit2.o)
    0x080001c6   0x00000000   Code   RO          177    .ARM.Collect$$libinit$$00000023  c_w.l(libinit2.o)
    0x080001c6   0x00000000   Code   RO          179    .ARM.Collect$$libinit$$00000025  c_w.l(libinit2.o)
    0x080001c6   0x00000000   Code   RO          183    .ARM.Collect$$libinit$$0000002C  c_w.l(libinit2.o)
    0x080001c6   0x00000000   Code   RO          185    .ARM.Collect$$libinit$$0000002E  c_w.l(libinit2.o)
    0x080001c6   0x00000000   Code   RO          187    .ARM.Collect$$libinit$$00000030  c_w.l(libinit2.o)
    0x080001c6   0x00000000   Code   RO          189    .ARM.Collect$$libinit$$00000032  c_w.l(libinit2.o)
    0x080001c6   0x00000002   Code   RO          190    .ARM.Collect$$libinit$$00000033  c_w.l(libinit2.o)
    0x080001c8   0x00000002   Code   RO          209    .ARM.Collect$$libshutdown$$00000000  c_w.l(libshutdown.o)
    0x080001ca   0x00000000   Code   RO          215    .ARM.Collect$$libshutdown$$00000002  c_w.l(libshutdown2.o)
    0x080001ca   0x00000000   Code   RO          217    .ARM.Collect$$libshutdown$$00000004  c_w.l(libshutdown2.o)
    0x080001ca   0x00000000   Code   RO          220    .ARM.Collect$$libshutdown$$00000007  c_w.l(libshutdown2.o)
    0x080001ca   0x00000000   Code   RO          223    .ARM.Collect$$libshutdown$$0000000A  c_w.l(libshutdown2.o)
    0x080001ca   0x00000000   Code   RO          225    .ARM.Collect$$libshutdown$$0000000C  c_w.l(libshutdown2.o)
    0x080001ca   0x00000000   Code   RO          228    .ARM.Collect$$libshutdown$$0000000F  c_w.l(libshutdown2.o)
    0x080001ca   0x00000002   Code   RO          229    .ARM.Collect$$libshutdown$$00000010  c_w.l(libshutdown2.o)
    0x080001cc   0x00000000   Code   RO           86    .ARM.Collect$$rtentry$$00000000  c_w.l(__rtentry.o)
    0x080001cc   0x00000000   Code   RO           97    .ARM.Collect$$rtentry$$00000002  c_w.l(__rtentry2.o)
    0x080001cc   0x00000006   Code   RO          109    .ARM.Collect$$rtentry$$00000004  c_w.l(__rtentry4.o)
    0x080001d2   0x00000000   Code   RO           99    .ARM.Collect$$rtentry$$00000009  c_w.l(__rtentry2.o)
    0x080001d2   0x00000004   Code   RO          100    .ARM.Collect$$rtentry$$0000000A  c_w.l(__rtentry2.o)
    0x080001d6   0x00000000   Code   RO          102    .ARM.Collect$$rtentry$$0000000C  c_w.l(__rtentry2.o)
    0x080001d6   0x00000008   Code   RO          103    .ARM.Collect$$rtentry$$0000000D  c_w.l(__rtentry2.o)
    0x080001de   0x00000002   Code   RO          191    .ARM.Collect$$rtexit$$00000000  c_w.l(rtexit.o)
    0x080001e0   0x00000000   Code   RO          196    .ARM.Collect$$rtexit$$00000002  c_w.l(rtexit2.o)
    0x080001e0   0x00000004   Code   RO          197    .ARM.Collect$$rtexit$$00000003  c_w.l(rtexit2.o)
    0x080001e4   0x00000006   Code   RO          198    .ARM.Collect$$rtexit$$00000004  c_w.l(rtexit2.o)
    0x080001ea   0x0000005a   Code   RO            1    .text               main.o
    0x08000244   0x0000001a   Code   RO            2    .text               stm32f10x_it.o
    0x0800025e   0x00000002   PAD
    0x08000260   0x000001e0   Code   RO            3    .text               system_stm32f10x.o
    0x08000440   0x000000e0   Code   RO            5    .text               led.o
    0x08000520   0x000002d8   Code   RO           12    .text               myiic.o
    0x080007f8   0x0000017a   Code   RO           13    .text               24cxx.o
    0x08000972   0x00000002   PAD
    0x08000974   0x00000324   Code   RO           14    .text               ad7746.o
    0x08000c98   0x00000124   Code   RO           16    .text               exti.o
    0x08000dbc   0x000000d4   Code   RO           18    .text               delay.o
    0x08000e90   0x00000140   Code   RO           22    .text               usart.o
    0x08000fd0   0x00000040   Code   RO           29    .text               startup_stm32f10x_hd.o
    0x08001010   0x0000035c   Code   RO           30    .text               stm32f10x_gpio.o
    0x0800136c   0x000003a4   Code   RO           31    .text               stm32f10x_rcc.o
    0x08001710   0x00000408   Code   RO           33    .text               stm32f10x_usart.o
    0x08001b18   0x000000dc   Code   RO           34    .text               misc.o
    0x08001bf4   0x0000011c   Code   RO           35    .text               stm32f10x_exti.o
    0x08001d10   0x00000002   Code   RO           38    .text               c_w.l(use_no_semi_2.o)
    0x08001d12   0x00000002   PAD
    0x08001d14   0x00000018   Code   RO           40    .text               c_w.l(noretval__2printf.o)
    0x08001d2c   0x00000078   Code   RO           42    .text               c_w.l(_printf_dec.o)
    0x08001da4   0x000000b8   Code   RO           59    .text               c_w.l(__printf_ss.o)
    0x08001e5c   0x00000006   Code   RO           74    .text               c_w.l(heapauxi.o)
    0x08001e62   0x00000002   Code   RO           85    .text               c_w.l(use_no_semi.o)
    0x08001e64   0x000000b2   Code   RO           87    .text               c_w.l(_printf_intcommon.o)
    0x08001f16   0x0000041a   Code   RO           88    .text               c_w.l(_printf_fp_dec.o)
    0x08002330   0x00000024   Code   RO           89    .text               c_w.l(_printf_char_file.o)
    0x08002354   0x00000008   Code   RO          113    .text               c_w.l(rt_locale_intlibspace.o)
    0x0800235c   0x0000008a   Code   RO          114    .text               c_w.l(lludiv10.o)
    0x080023e6   0x00000002   PAD
    0x080023e8   0x00000030   Code   RO          115    .text               c_w.l(_printf_char_common.o)
    0x08002418   0x00000080   Code   RO          116    .text               c_w.l(_printf_fp_infnan.o)
    0x08002498   0x000000dc   Code   RO          117    .text               c_w.l(bigflt0.o)
    0x08002574   0x00000008   Code   RO          130    .text               c_w.l(ferror.o)
    0x0800257c   0x00000008   Code   RO          136    .text               c_w.l(libspace.o)
    0x08002584   0x0000004a   Code   RO          138    .text               c_w.l(sys_stackheap_outer.o)
    0x080025ce   0x00000012   Code   RO          140    .text               c_w.l(exit.o)
    0x080025e0   0x00000080   Code   RO          141    .text               c_w.l(strcmpv7m.o)
    0x08002660   0x0000003e   Code   RO          119    CL$$btod_d2e        c_w.l(btod.o)
    0x0800269e   0x00000046   Code   RO          121    CL$$btod_d2e_denorm_low  c_w.l(btod.o)
    0x080026e4   0x00000060   Code   RO          120    CL$$btod_d2e_norm_op1  c_w.l(btod.o)
    0x08002744   0x00000338   Code   RO          129    CL$$btod_div_common  c_w.l(btod.o)
    0x08002a7c   0x000000c6   Code   RO          126    CL$$btod_e2e        c_w.l(btod.o)
    0x08002b42   0x00000028   Code   RO          123    CL$$btod_ediv       c_w.l(btod.o)
    0x08002b6a   0x00000028   Code   RO          122    CL$$btod_emul       c_w.l(btod.o)
    0x08002b92   0x00000244   Code   RO          128    CL$$btod_mult_common  c_w.l(btod.o)
    0x08002dd6   0x00000028   Code   RO          135    i.__ARM_fpclassify  m_ws.l(fpclassify.o)
    0x08002dfe   0x00000002   PAD
    0x08002e00   0x0000002c   Code   RO          133    locale$$code        c_w.l(lc_numeric_c.o)
    0x08002e2c   0x00000062   Code   RO           76    x$fpl$d2f           fz_ws.l(d2f.o)
    0x08002e8e   0x0000002e   Code   RO           80    x$fpl$dflt          fz_ws.l(dflt_clz.o)
    0x08002ebc   0x00000154   Code   RO           82    x$fpl$dmul          fz_ws.l(dmul.o)
    0x08003010   0x0000009c   Code   RO           91    x$fpl$dnaninf       fz_ws.l(dnaninf.o)
    0x080030ac   0x0000000c   Code   RO           92    x$fpl$dretinf       fz_ws.l(dretinf.o)
    0x080030b8   0x00000056   Code   RO           83    x$fpl$f2d           fz_ws.l(f2d.o)
    0x0800310e   0x0000008c   Code   RO           93    x$fpl$fnaninf       fz_ws.l(fnaninf.o)
    0x0800319a   0x0000000a   Code   RO           94    x$fpl$fretinf       fz_ws.l(fretinf.o)
    0x080031a4   0x00000004   Code   RO           84    x$fpl$printf1       fz_ws.l(printf1.o)
    0x080031a8   0x00000000   Code   RO           95    x$fpl$usenofp       fz_ws.l(usenofp.o)
    0x080031a8   0x00000094   Data   RO          118    .constdata          c_w.l(bigflt0.o)
    0x0800323c   0x00000020   Data   RO          242    Region$$Table       anon$$obj.o
    0x0800325c   0x0000001c   Data   RO          132    locale$$data        c_w.l(lc_numeric_c.o)


    Execution Region RW_IRAM1 (Base: 0x20000000, Size: 0x00000778, Max: 0x0000c000, ABSOLUTE)

    Base Addr    Size         Type   Attr      Idx    E Section Name        Object

    0x20000000   0x00000014   Data   RW            4    .data               system_stm32f10x.o
    0x20000014   0x00000010   Data   RW           15    .data               ad7746.o
    0x20000024   0x00000005   Data   RW           17    .data               exti.o
    0x20000029   0x00000001   PAD
    0x2000002a   0x00000004   Data   RW           19    .data               delay.o
    0x2000002e   0x00000002   PAD
    0x20000030   0x00000006   Data   RW           24    .data               usart.o
    0x20000036   0x00000014   Data   RW           32    .data               stm32f10x_rcc.o
    0x2000004a   0x00000002   PAD
    0x2000004c   0x000000c8   Zero   RW           23    .bss                usart.o
    0x20000114   0x00000060   Zero   RW          137    .bss                c_w.l(libspace.o)
    0x20000174   0x00000004   PAD
    0x20000178   0x00000200   Zero   RW           27    HEAP                startup_stm32f10x_hd.o
    0x20000378   0x00000400   Zero   RW           26    STACK               startup_stm32f10x_hd.o


==============================================================================

Image component sizes


      Code (inc. data)   RO Data    RW Data    ZI Data      Debug   Object Name

       378          0          0          0          0          0   24cxx.o
       804         46          0         16          0          0   ad7746.o
       212         18          0          4          0          0   delay.o
       292         38          0          5          0          0   exti.o
       224         18          0          0          0          0   led.o
        90          0          0          0          0          0   main.o
       220         22          0          0          0          0   misc.o
       728         16          0          0          0          0   myiic.o
        64         26        304          0       1536          0   startup_stm32f10x_hd.o
       284         10          0          0          0          0   stm32f10x_exti.o
       860         38          0          0          0          0   stm32f10x_gpio.o
        26          0          0          0          0          0   stm32f10x_it.o
       932         36          0         20          0          0   stm32f10x_rcc.o
      1032         22          0          0          0          0   stm32f10x_usart.o
       480         38          0         20          0          0   system_stm32f10x.o
       320         16          0          6        200          0   usart.o

    ----------------------------------------------------------------------
      6950        344        336         76       1736          0   Object Totals
         0          0         32          0          0          0   (incl. Generated)
         4          0          0          5          0          0   (incl. Padding)

    ----------------------------------------------------------------------

      Code (inc. data)   RO Data    RW Data    ZI Data      Debug   Library Member Name

         8          0          0          0          0          0   __main.o
       184          0          0          0          0          0   __printf_ss.o
         0          0          0          0          0          0   __rtentry.o
        12          0          0          0          0          0   __rtentry2.o
         6          0          0          0          0          0   __rtentry4.o
        52          8          0          0          0          0   __scatter.o
        26          0          0          0          0          0   __scatter_copy.o
        28          0          0          0          0          0   __scatter_zi.o
        48          6          0          0          0          0   _printf_char_common.o
        36          4          0          0          0          0   _printf_char_file.o
         6          0          0          0          0          0   _printf_d.o
       120         16          0          0          0          0   _printf_dec.o
         6          0          0          0          0          0   _printf_f.o
      1050          0          0          0          0          0   _printf_fp_dec.o
       128         16          0          0          0          0   _printf_fp_infnan.o
       178          0          0          0          0          0   _printf_intcommon.o
         0          0          0          0          0          0   _printf_percent.o
         4          0          0          0          0          0   _printf_percent_end.o
       220          4        148          0          0          0   bigflt0.o
      1910        128          0          0          0          0   btod.o
        18          0          0          0          0          0   exit.o
         8          0          0          0          0          0   ferror.o
         6          0          0          0          0          0   heapauxi.o
        44         10         28          0          0          0   lc_numeric_c.o
         2          0          0          0          0          0   libinit.o
        18          0          0          0          0          0   libinit2.o
         2          0          0          0          0          0   libshutdown.o
         2          0          0          0          0          0   libshutdown2.o
         8          4          0          0         96          0   libspace.o
       138          0          0          0          0          0   lludiv10.o
        24          4          0          0          0          0   noretval__2printf.o
         8          4          0          0          0          0   rt_locale_intlibspace.o
         2          0          0          0          0          0   rtexit.o
        10          0          0          0          0          0   rtexit2.o
       128          0          0          0          0          0   strcmpv7m.o
        74          0          0          0          0          0   sys_stackheap_outer.o
         2          0          0          0          0          0   use_no_semi.o
         2          0          0          0          0          0   use_no_semi_2.o
        98          4          0          0          0          0   d2f.o
        46          0          0          0          0          0   dflt_clz.o
       340         12          0          0          0          0   dmul.o
       156          4          0          0          0          0   dnaninf.o
        12          0          0          0          0          0   dretinf.o
        86          4          0          0          0          0   f2d.o
       140          4          0          0          0          0   fnaninf.o
        10          0          0          0          0          0   fretinf.o
         4          0          0          0          0          0   printf1.o
         0          0          0          0          0          0   usenofp.o
        40          0          0          0          0          0   fpclassify.o

    ----------------------------------------------------------------------
      5458        232        176          0        100          0   Library Totals
         8          0          0          0          4          0   (incl. Padding)

    ----------------------------------------------------------------------

      Code (inc. data)   RO Data    RW Data    ZI Data      Debug   Library Name

      4518        204        176          0         96          0   c_w.l
       892         28          0          0          0          0   fz_ws.l
        40          0          0          0          0          0   m_ws.l

    ----------------------------------------------------------------------
      5458        232        176          0        100          0   Library Totals

    ----------------------------------------------------------------------

==============================================================================


      Code (inc. data)   RO Data    RW Data    ZI Data      Debug   

     12408        576        512         76       1836          0   Grand Totals
     12408        576        512         76       1836          0   ELF Image Totals
     12408        576        512         76          0          0   ROM Totals

==============================================================================

    Total RO  Size (Code + RO Data)                12920 (  12.62kB)
    Total RW  Size (RW Data + ZI Data)              1912 (   1.87kB)
    Total ROM Size (Code + RO Data + RW Data)      12996 (  12.69kB)

==============================================================================

